=== phase-a:A2-full-transcript === 2026-04-21T06:50:14.739Z
[render]   pass=0 open=false query=""
[mount]    App mounted at pass 0
[handler]  register scope="board"
[key]      input="p" ctrl=true escape=false return=false leftArrow=false rightArrow=false backspace=false shift=false eventType=undefined
[dialog]   open=true query=""
[render]   pass=0 open=true query=""
[handler]  dispose scope="board"
[handler]  register scope="dialog"
[key]      input="a" ctrl=false escape=false return=false leftArrow=false rightArrow=false backspace=false shift=false eventType=undefined
[render]   pass=0 open=true query="a"
[key]      input="b" ctrl=false escape=false return=false leftArrow=false rightArrow=false backspace=false shift=false eventType=undefined
[render]   pass=0 open=true query="ab"
[key]      input="" ctrl=false escape=false return=false leftArrow=false rightArrow=false backspace=true shift=false eventType=undefined
[render]   pass=0 open=true query="a"
[key]      input="" ctrl=false escape=true return=false leftArrow=false rightArrow=false backspace=false shift=false eventType=undefined
[dialog]   open=false query="a"
[render]   pass=0 open=false query="a"
[handler]  dispose scope="dialog"
[handler]  register scope="board"
[key]      input="j" ctrl=false escape=false return=false leftArrow=false rightArrow=false backspace=false shift=false eventType=undefined
[render]   pass=0 open=false query="a"
[unmount]  App unmounted at pass 0
[handler]  dispose scope="board"
