04:22:48 DEBUG silvery:content:cell RENDER silvery-root@0 rect=0,0 82x75 prev=null flags=[C,P,S,Ch,B] hasPrev=false ancClr=false caa=true prc=false prm=false coversNow=true coversPrev=null bg=none
04:22:48 DEBUG silvery:content:cell RENDER silvery-box@1 rect=0,0 82x75 prev=null flags=[C,P,S,Ch,B] hasPrev=false ancClr=false caa=true prc=false prm=false coversNow=true coversPrev=null bg=none
04:22:48 DEBUG silvery:content:cell RENDER main@2 rect=0,0 82x75 prev=null flags=[C,P,S,Ch,B] hasPrev=false ancClr=false caa=true prc=false prm=false coversNow=true coversPrev=null bg=none
04:22:48 DEBUG silvery:content:cell RENDER .@3 rect=0,0 82x74 prev=null flags=[C,P,S,Ch,B] hasPrev=false ancClr=false caa=true prc=false prm=false coversNow=true coversPrev=null bg=none
04:22:48 DEBUG silvery:content:cell RENDER silvery-box@4 rect=0,2 82x72 prev=null flags=[C,P,S,Ch,B] hasPrev=false ancClr=false caa=true prc=false prm=false coversNow=true coversPrev=null bg=none
04:22:48 DEBUG silvery:content:cell RENDER silvery-box@5 rect=0,2 82x72 prev=null flags=[C,P,S,Ch,B] hasPrev=false ancClr=false caa=true prc=false prm=false coversNow=true coversPrev=null bg=none
04:22:48 DEBUG silvery:content:cell RENDER silvery-box@6 rect=0,2 82x72 prev=null flags=[C,P,S,Ch,B] hasPrev=false ancClr=false caa=true prc=false prm=false coversNow=true coversPrev=null bg=none
04:22:48 DEBUG silvery:content:cell RENDER silvery-box@7 rect=1,2 80x72 prev=null flags=[C,P,S,Ch,B] hasPrev=false ancClr=false caa=true prc=false prm=false coversNow=true coversPrev=null bg=none
04:22:48 DEBUG silvery:content:cell RENDER silvery-box@8 rect=41,2 40x72 prev=null flags=[C,P,S,Ch,B] hasPrev=false ancClr=false caa=true prc=false prm=false coversNow=true coversPrev=null bg=none
04:22:48 DEBUG silvery:content:cell RENDER @inbox@9 rect=41,2 40x72 prev=null flags=[C,P,S,Ch,B] hasPrev=false ancClr=false caa=true prc=false prm=false coversNow=true coversPrev=null bg=none
04:22:48 DEBUG silvery:content:cell RENDER silvery-box@10 rect=41,4 39x70 prev=null flags=[C,P,S,Ch,B] hasPrev=false ancClr=false caa=true prc=false prm=false coversNow=true coversPrev=null bg=none
04:22:48 DEBUG silvery:content:cell RENDER silvery-box@11 rect=41,4 39x70 prev=null flags=[C,P,S,Ch,B] hasPrev=false ancClr=false caa=true prc=false prm=false coversNow=true coversPrev=null bg=none
04:22:48 DEBUG silvery:content:cell RENDER silvery-box@12 rect=41,4 39x15 prev=null flags=[C,P,S,Ch,B] hasPrev=false ancClr=false caa=true prc=false prm=false coversNow=true coversPrev=null bg=none
04:22:48 DEBUG silvery:content:cell RENDER silvery-box@13 rect=41,4 39x15 prev=null flags=[C,P,S,Ch,B] hasPrev=false ancClr=false caa=true prc=false prm=false coversNow=true coversPrev=null bg=none
04:22:48 DEBUG silvery:content:cell RENDER silvery-box@14 rect=41,4 39x14 prev=null flags=[C,P,S,Ch,B] hasPrev=false ancClr=false caa=true prc=false prm=false coversNow=true coversPrev=null bg=none
04:22:48 DEBUG silvery:content:cell RENDER silvery-box@15 rect=42,5 37x13 prev=null flags=[C,P,S,Ch,B] hasPrev=false ancClr=false caa=true prc=false prm=false coversNow=true coversPrev=null bg=none
04:22:48 DEBUG silvery:content:cell RENDER silvery-box@16 rect=42,7 37x11 prev=null flags=[C,P,S,Ch,B] hasPrev=false ancClr=false caa=true prc=false prm=false coversNow=true coversPrev=null bg=none
04:22:48 DEBUG silvery:content:cell RENDER silvery-box@17 rect=42,13 37x5 prev=null flags=[C,P,S,Ch,B] hasPrev=false ancClr=false caa=true prc=false prm=false coversNow=true coversPrev=null bg=none
04:22:48 DEBUG silvery:content:cell RENDER silvery-box@18 rect=42,14 37x4 prev=null flags=[C,P,S,Ch,B] hasPrev=false ancClr=false caa=true prc=false prm=false coversNow=true coversPrev=null bg=none
04:22:48 DEBUG silvery:content:cell RENDER silvery-box@19 rect=42,17 37x1 prev=null flags=[C,P,S,Ch,B] hasPrev=false ancClr=false caa=true prc=false prm=false coversNow=true coversPrev=null bg=none
04:22:48 DEBUG silvery:content:cell RENDER silvery-box@3 rect=0,0 82x75 prev=null flags=[C,P,S,Ch,B] hasPrev=false ancClr=false caa=true prc=false prm=false coversNow=true coversPrev=null bg=none
04:22:48 DEBUG silvery:content:cell RENDER silvery-root@0 rect=0,0 82x75 prev=0,0 82x75 flags=[S] hasPrev=true ancClr=false caa=false prc=false prm=false coversNow=true coversPrev=true bg=none
04:22:48 DEBUG silvery:content:cell RENDER silvery-box@1 rect=0,0 82x75 prev=0,0 82x75 flags=[S] hasPrev=true ancClr=false caa=false prc=false prm=true coversNow=true coversPrev=true bg=none
04:22:48 DEBUG silvery:content:cell RENDER main@2 rect=0,0 82x75 prev=0,0 82x75 flags=[S] hasPrev=false ancClr=false caa=false prc=false prm=false coversNow=true coversPrev=true bg=none
04:22:48 DEBUG silvery:content:cell RENDER .@3 rect=0,0 82x74 prev=0,0 82x74 flags=[S] hasPrev=false ancClr=false caa=false prc=false prm=false coversNow=true coversPrev=true bg=none
04:22:48 DEBUG silvery:content:cell RENDER silvery-box@4 rect=0,2 82x72 prev=0,2 82x72 flags=[S] hasPrev=false ancClr=false caa=false prc=false prm=false coversNow=true coversPrev=true bg=none
04:22:48 DEBUG silvery:content:cell RENDER silvery-box@5 rect=0,2 82x72 prev=0,2 82x72 flags=[S] hasPrev=false ancClr=false caa=false prc=false prm=false coversNow=true coversPrev=true bg=none
04:22:48 DEBUG silvery:content:cell RENDER silvery-box@6 rect=0,2 82x72 prev=0,2 82x72 flags=[S] hasPrev=false ancClr=false caa=false prc=false prm=false coversNow=true coversPrev=true bg=none
04:22:48 DEBUG silvery:content:cell RENDER silvery-box@7 rect=1,2 80x72 prev=1,2 80x72 flags=[S] hasPrev=false ancClr=false caa=false prc=false prm=false coversNow=true coversPrev=true bg=none
04:22:48 DEBUG silvery:content:cell RENDER silvery-box@8 rect=41,2 40x72 prev=41,2 40x72 flags=[] hasPrev=false ancClr=false caa=false prc=false prm=false coversNow=true coversPrev=true bg=none
04:22:48 DEBUG silvery:content:cell RENDER @inbox@9 rect=41,2 40x72 prev=41,2 40x72 flags=[] hasPrev=false ancClr=false caa=false prc=false prm=false coversNow=true coversPrev=true bg=none
04:22:48 DEBUG silvery:content:cell RENDER silvery-box@10 rect=41,4 39x70 prev=41,4 39x70 flags=[] hasPrev=false ancClr=false caa=false prc=false prm=false coversNow=true coversPrev=true bg=none
04:22:48 DEBUG silvery:content:cell RENDER silvery-box@11 rect=41,4 39x70 prev=41,4 39x70 flags=[] hasPrev=false ancClr=false caa=false prc=false prm=false coversNow=true coversPrev=true bg=none
04:22:48 DEBUG silvery:content:cell RENDER silvery-box@12 rect=41,4 39x15 prev=41,4 39x15 flags=[] hasPrev=false ancClr=false caa=false prc=false prm=false coversNow=true coversPrev=true bg=none
04:22:48 DEBUG silvery:content:cell RENDER silvery-box@13 rect=41,4 39x15 prev=41,4 39x15 flags=[] hasPrev=false ancClr=false caa=false prc=false prm=false coversNow=true coversPrev=true bg=none
04:22:48 DEBUG silvery:content:cell RENDER silvery-box@14 rect=41,4 39x14 prev=41,4 39x14 flags=[] hasPrev=false ancClr=false caa=false prc=false prm=false coversNow=true coversPrev=true bg=none
04:22:48 DEBUG silvery:content:cell RENDER silvery-box@15 rect=42,5 37x13 prev=42,5 37x13 flags=[] hasPrev=false ancClr=false caa=false prc=false prm=false coversNow=true coversPrev=true bg=none
04:22:48 DEBUG silvery:content:cell RENDER silvery-box@16 rect=42,7 37x11 prev=42,7 37x11 flags=[] hasPrev=false ancClr=false caa=false prc=false prm=false coversNow=true coversPrev=true bg=none
04:22:48 DEBUG silvery:content:cell RENDER silvery-box@17 rect=42,13 37x5 prev=42,13 37x5 flags=[] hasPrev=false ancClr=false caa=false prc=false prm=false coversNow=true coversPrev=true bg=none
04:22:48 DEBUG silvery:content:cell RENDER silvery-box@18 rect=42,14 37x4 prev=42,14 37x4 flags=[] hasPrev=false ancClr=false caa=false prc=false prm=false coversNow=true coversPrev=true bg=none
04:22:48 DEBUG silvery:content:cell RENDER silvery-box@19 rect=42,17 37x1 prev=42,17 37x1 flags=[] hasPrev=false ancClr=false caa=false prc=false prm=false coversNow=true coversPrev=true bg=none
04:22:48 DEBUG silvery:content:cell RENDER silvery-box@3 rect=0,0 82x75 prev=0,0 82x75 flags=[] hasPrev=false ancClr=false caa=false prc=false prm=false coversNow=true coversPrev=true bg=none
04:22:48 DEBUG silvery:content:cell RENDER silvery-root@0 rect=0,0 82x75 prev=0,0 82x75 flags=[] hasPrev=false ancClr=false caa=false prc=false prm=false coversNow=true coversPrev=true bg=none
04:22:48 DEBUG silvery:content:cell RENDER silvery-box@1 rect=0,0 82x75 prev=0,0 82x75 flags=[] hasPrev=false ancClr=false caa=false prc=false prm=false coversNow=true coversPrev=true bg=none
04:22:48 DEBUG silvery:content:cell RENDER main@2 rect=0,0 82x75 prev=0,0 82x75 flags=[] hasPrev=false ancClr=false caa=false prc=false prm=false coversNow=true coversPrev=true bg=none
04:22:48 DEBUG silvery:content:cell RENDER .@3 rect=0,0 82x74 prev=0,0 82x74 flags=[] hasPrev=false ancClr=false caa=false prc=false prm=false coversNow=true coversPrev=true bg=none
04:22:48 DEBUG silvery:content:cell RENDER silvery-box@4 rect=0,2 82x72 prev=0,2 82x72 flags=[] hasPrev=false ancClr=false caa=false prc=false prm=false coversNow=true coversPrev=true bg=none
04:22:48 DEBUG silvery:content:cell RENDER silvery-box@5 rect=0,2 82x72 prev=0,2 82x72 flags=[] hasPrev=false ancClr=false caa=false prc=false prm=false coversNow=true coversPrev=true bg=none
04:22:48 DEBUG silvery:content:cell RENDER silvery-box@6 rect=0,2 82x72 prev=0,2 82x72 flags=[] hasPrev=false ancClr=false caa=false prc=false prm=false coversNow=true coversPrev=true bg=none
04:22:48 DEBUG silvery:content:cell RENDER silvery-box@7 rect=1,2 80x72 prev=1,2 80x72 flags=[] hasPrev=false ancClr=false caa=false prc=false prm=false coversNow=true coversPrev=true bg=none
04:22:48 DEBUG silvery:content:cell RENDER silvery-box@8 rect=41,2 40x72 prev=41,2 40x72 flags=[] hasPrev=false ancClr=false caa=false prc=false prm=false coversNow=true coversPrev=true bg=none
04:22:48 DEBUG silvery:content:cell RENDER @inbox@9 rect=41,2 40x72 prev=41,2 40x72 flags=[] hasPrev=false ancClr=false caa=false prc=false prm=false coversNow=true coversPrev=true bg=none
04:22:48 DEBUG silvery:content:cell RENDER silvery-box@10 rect=41,4 39x70 prev=41,4 39x70 flags=[] hasPrev=false ancClr=false caa=false prc=false prm=false coversNow=true coversPrev=true bg=none
04:22:48 DEBUG silvery:content:cell RENDER silvery-box@11 rect=41,4 39x70 prev=41,4 39x70 flags=[] hasPrev=false ancClr=false caa=false prc=false prm=false coversNow=true coversPrev=true bg=none
04:22:48 DEBUG silvery:content:cell RENDER silvery-box@12 rect=41,4 39x15 prev=41,4 39x15 flags=[] hasPrev=false ancClr=false caa=false prc=false prm=false coversNow=true coversPrev=true bg=none
04:22:48 DEBUG silvery:content:cell RENDER silvery-box@13 rect=41,4 39x15 prev=41,4 39x15 flags=[] hasPrev=false ancClr=false caa=false prc=false prm=false coversNow=true coversPrev=true bg=none
04:22:48 DEBUG silvery:content:cell RENDER silvery-box@14 rect=41,4 39x14 prev=41,4 39x14 flags=[] hasPrev=false ancClr=false caa=false prc=false prm=false coversNow=true coversPrev=true bg=none
04:22:48 DEBUG silvery:content:cell RENDER silvery-box@15 rect=42,5 37x13 prev=42,5 37x13 flags=[] hasPrev=false ancClr=false caa=false prc=false prm=false coversNow=true coversPrev=true bg=none
04:22:48 DEBUG silvery:content:cell RENDER silvery-box@16 rect=42,7 37x11 prev=42,7 37x11 flags=[] hasPrev=false ancClr=false caa=false prc=false prm=false coversNow=true coversPrev=true bg=none
04:22:48 DEBUG silvery:content:cell RENDER silvery-box@17 rect=42,13 37x5 prev=42,13 37x5 flags=[] hasPrev=false ancClr=false caa=false prc=false prm=false coversNow=true coversPrev=true bg=none
04:22:48 DEBUG silvery:content:cell RENDER silvery-box@18 rect=42,14 37x4 prev=42,14 37x4 flags=[] hasPrev=false ancClr=false caa=false prc=false prm=false coversNow=true coversPrev=true bg=none
04:22:48 DEBUG silvery:content:cell RENDER silvery-box@19 rect=42,17 37x1 prev=42,17 37x1 flags=[] hasPrev=false ancClr=false caa=false prc=false prm=false coversNow=true coversPrev=true bg=none
04:22:48 DEBUG silvery:content:cell RENDER silvery-box@3 rect=0,0 82x75 prev=0,0 82x75 flags=[] hasPrev=false ancClr=false caa=false prc=false prm=false coversNow=true coversPrev=true bg=none
04:22:48 DEBUG silvery:content:cell RENDER silvery-root@0 rect=0,0 82x75 prev=0,0 82x75 flags=[S] hasPrev=true ancClr=false caa=false prc=false prm=false coversNow=true coversPrev=true bg=none
04:22:48 DEBUG silvery:content:cell RENDER silvery-box@1 rect=0,0 82x75 prev=0,0 82x75 flags=[S] hasPrev=true ancClr=false caa=false prc=false prm=true coversNow=true coversPrev=true bg=none
04:22:48 DEBUG silvery:content:cell RENDER main@2 rect=0,0 82x75 prev=0,0 82x75 flags=[S] hasPrev=false ancClr=false caa=false prc=false prm=false coversNow=true coversPrev=true bg=none
04:22:48 DEBUG silvery:content:cell RENDER .@3 rect=0,0 82x74 prev=0,0 82x74 flags=[] hasPrev=false ancClr=false caa=false prc=false prm=false coversNow=true coversPrev=true bg=none
04:22:48 DEBUG silvery:content:cell RENDER silvery-box@4 rect=0,2 82x72 prev=0,2 82x72 flags=[] hasPrev=false ancClr=false caa=false prc=false prm=false coversNow=true coversPrev=true bg=none
04:22:48 DEBUG silvery:content:cell RENDER silvery-box@5 rect=0,2 82x72 prev=0,2 82x72 flags=[] hasPrev=false ancClr=false caa=false prc=false prm=false coversNow=true coversPrev=true bg=none
04:22:48 DEBUG silvery:content:cell RENDER silvery-box@6 rect=0,2 82x72 prev=0,2 82x72 flags=[] hasPrev=false ancClr=false caa=false prc=false prm=false coversNow=true coversPrev=true bg=none
04:22:48 DEBUG silvery:content:cell RENDER silvery-box@7 rect=1,2 80x72 prev=1,2 80x72 flags=[] hasPrev=false ancClr=false caa=false prc=false prm=false coversNow=true coversPrev=true bg=none
04:22:48 DEBUG silvery:content:cell RENDER silvery-box@8 rect=41,2 40x72 prev=41,2 40x72 flags=[] hasPrev=false ancClr=false caa=false prc=false prm=false coversNow=true coversPrev=true bg=none
04:22:48 DEBUG silvery:content:cell RENDER @inbox@9 rect=41,2 40x72 prev=41,2 40x72 flags=[] hasPrev=false ancClr=false caa=false prc=false prm=false coversNow=true coversPrev=true bg=none
04:22:48 DEBUG silvery:content:cell RENDER silvery-box@10 rect=41,4 39x70 prev=41,4 39x70 flags=[] hasPrev=false ancClr=false caa=false prc=false prm=false coversNow=true coversPrev=true bg=none
04:22:48 DEBUG silvery:content:cell RENDER silvery-box@11 rect=41,4 39x70 prev=41,4 39x70 flags=[] hasPrev=false ancClr=false caa=false prc=false prm=false coversNow=true coversPrev=true bg=none
04:22:48 DEBUG silvery:content:cell RENDER silvery-box@12 rect=41,4 39x15 prev=41,4 39x15 flags=[] hasPrev=false ancClr=false caa=false prc=false prm=false coversNow=true coversPrev=true bg=none
04:22:48 DEBUG silvery:content:cell RENDER silvery-box@13 rect=41,4 39x15 prev=41,4 39x15 flags=[] hasPrev=false ancClr=false caa=false prc=false prm=false coversNow=true coversPrev=true bg=none
04:22:48 DEBUG silvery:content:cell RENDER silvery-box@14 rect=41,4 39x14 prev=41,4 39x14 flags=[] hasPrev=false ancClr=false caa=false prc=false prm=false coversNow=true coversPrev=true bg=none
04:22:48 DEBUG silvery:content:cell RENDER silvery-box@15 rect=42,5 37x13 prev=42,5 37x13 flags=[] hasPrev=false ancClr=false caa=false prc=false prm=false coversNow=true coversPrev=true bg=none
04:22:48 DEBUG silvery:content:cell RENDER silvery-box@16 rect=42,7 37x11 prev=42,7 37x11 flags=[] hasPrev=false ancClr=false caa=false prc=false prm=false coversNow=true coversPrev=true bg=none
04:22:48 DEBUG silvery:content:cell RENDER silvery-box@17 rect=42,13 37x5 prev=42,13 37x5 flags=[] hasPrev=false ancClr=false caa=false prc=false prm=false coversNow=true coversPrev=true bg=none
04:22:48 DEBUG silvery:content:cell RENDER silvery-box@18 rect=42,14 37x4 prev=42,14 37x4 flags=[] hasPrev=false ancClr=false caa=false prc=false prm=false coversNow=true coversPrev=true bg=none
04:22:48 DEBUG silvery:content:cell RENDER silvery-box@19 rect=42,17 37x1 prev=42,17 37x1 flags=[] hasPrev=false ancClr=false caa=false prc=false prm=false coversNow=true coversPrev=true bg=none
04:22:48 DEBUG silvery:content:cell RENDER silvery-box@3 rect=0,0 82x75 prev=0,0 82x75 flags=[] hasPrev=false ancClr=false caa=false prc=false prm=false coversNow=true coversPrev=true bg=none
04:22:48 DEBUG silvery:content:cell RENDER silvery-root@0 rect=0,0 82x75 prev=0,0 82x75 flags=[] hasPrev=false ancClr=false caa=false prc=false prm=false coversNow=true coversPrev=true bg=none
04:22:48 DEBUG silvery:content:cell RENDER silvery-box@1 rect=0,0 82x75 prev=0,0 82x75 flags=[] hasPrev=false ancClr=false caa=false prc=false prm=false coversNow=true coversPrev=true bg=none
04:22:48 DEBUG silvery:content:cell RENDER main@2 rect=0,0 82x75 prev=0,0 82x75 flags=[] hasPrev=false ancClr=false caa=false prc=false prm=false coversNow=true coversPrev=true bg=none
04:22:48 DEBUG silvery:content:cell RENDER .@3 rect=0,0 82x74 prev=0,0 82x74 flags=[] hasPrev=false ancClr=false caa=false prc=false prm=false coversNow=true coversPrev=true bg=none
04:22:48 DEBUG silvery:content:cell RENDER silvery-box@4 rect=0,2 82x72 prev=0,2 82x72 flags=[] hasPrev=false ancClr=false caa=false prc=false prm=false coversNow=true coversPrev=true bg=none
04:22:48 DEBUG silvery:content:cell RENDER silvery-box@5 rect=0,2 82x72 prev=0,2 82x72 flags=[] hasPrev=false ancClr=false caa=false prc=false prm=false coversNow=true coversPrev=true bg=none
04:22:48 DEBUG silvery:content:cell RENDER silvery-box@6 rect=0,2 82x72 prev=0,2 82x72 flags=[] hasPrev=false ancClr=false caa=false prc=false prm=false coversNow=true coversPrev=true bg=none
04:22:48 DEBUG silvery:content:cell RENDER silvery-box@7 rect=1,2 80x72 prev=1,2 80x72 flags=[] hasPrev=false ancClr=false caa=false prc=false prm=false coversNow=true coversPrev=true bg=none
04:22:48 DEBUG silvery:content:cell RENDER silvery-box@8 rect=41,2 40x72 prev=41,2 40x72 flags=[] hasPrev=false ancClr=false caa=false prc=false prm=false coversNow=true coversPrev=true bg=none
04:22:48 DEBUG silvery:content:cell RENDER @inbox@9 rect=41,2 40x72 prev=41,2 40x72 flags=[] hasPrev=false ancClr=false caa=false prc=false prm=false coversNow=true coversPrev=true bg=none
04:22:48 DEBUG silvery:content:cell RENDER silvery-box@10 rect=41,4 39x70 prev=41,4 39x70 flags=[] hasPrev=false ancClr=false caa=false prc=false prm=false coversNow=true coversPrev=true bg=none
04:22:48 DEBUG silvery:content:cell RENDER silvery-box@11 rect=41,4 39x70 prev=41,4 39x70 flags=[] hasPrev=false ancClr=false caa=false prc=false prm=false coversNow=true coversPrev=true bg=none
04:22:48 DEBUG silvery:content:cell RENDER silvery-box@12 rect=41,4 39x15 prev=41,4 39x15 flags=[] hasPrev=false ancClr=false caa=false prc=false prm=false coversNow=true coversPrev=true bg=none
04:22:48 DEBUG silvery:content:cell RENDER silvery-box@13 rect=41,4 39x15 prev=41,4 39x15 flags=[] hasPrev=false ancClr=false caa=false prc=false prm=false coversNow=true coversPrev=true bg=none
04:22:48 DEBUG silvery:content:cell RENDER silvery-box@14 rect=41,4 39x14 prev=41,4 39x14 flags=[] hasPrev=false ancClr=false caa=false prc=false prm=false coversNow=true coversPrev=true bg=none
04:22:48 DEBUG silvery:content:cell RENDER silvery-box@15 rect=42,5 37x13 prev=42,5 37x13 flags=[] hasPrev=false ancClr=false caa=false prc=false prm=false coversNow=true coversPrev=true bg=none
04:22:48 DEBUG silvery:content:cell RENDER silvery-box@16 rect=42,7 37x11 prev=42,7 37x11 flags=[] hasPrev=false ancClr=false caa=false prc=false prm=false coversNow=true coversPrev=true bg=none
04:22:48 DEBUG silvery:content:cell RENDER silvery-box@17 rect=42,13 37x5 prev=42,13 37x5 flags=[] hasPrev=false ancClr=false caa=false prc=false prm=false coversNow=true coversPrev=true bg=none
04:22:48 DEBUG silvery:content:cell RENDER silvery-box@18 rect=42,14 37x4 prev=42,14 37x4 flags=[] hasPrev=false ancClr=false caa=false prc=false prm=false coversNow=true coversPrev=true bg=none
04:22:48 DEBUG silvery:content:cell RENDER silvery-box@19 rect=42,17 37x1 prev=42,17 37x1 flags=[] hasPrev=false ancClr=false caa=false prc=false prm=false coversNow=true coversPrev=true bg=none
04:22:48 DEBUG silvery:content:cell RENDER silvery-box@3 rect=0,0 82x75 prev=0,0 82x75 flags=[] hasPrev=false ancClr=false caa=false prc=false prm=false coversNow=true coversPrev=true bg=none
04:22:49 DEBUG silvery:content:cell RENDER silvery-root@0 rect=0,0 82x75 prev=0,0 82x75 flags=[S] hasPrev=true ancClr=false caa=false prc=false prm=false coversNow=true coversPrev=true bg=none
04:22:49 DEBUG silvery:content:cell RENDER silvery-box@1 rect=0,0 82x75 prev=0,0 82x75 flags=[S] hasPrev=true ancClr=false caa=false prc=false prm=true coversNow=true coversPrev=true bg=none
04:22:49 DEBUG silvery:content:cell RENDER main@2 rect=0,0 82x75 prev=0,0 82x75 flags=[S] hasPrev=false ancClr=false caa=false prc=false prm=false coversNow=true coversPrev=true bg=none
04:22:49 DEBUG silvery:content:cell RENDER .@3 rect=0,0 82x74 prev=0,0 82x74 flags=[] hasPrev=false ancClr=false caa=false prc=false prm=false coversNow=true coversPrev=true bg=none
04:22:49 DEBUG silvery:content:cell RENDER silvery-box@4 rect=0,2 82x72 prev=0,2 82x72 flags=[] hasPrev=false ancClr=false caa=false prc=false prm=false coversNow=true coversPrev=true bg=none
04:22:49 DEBUG silvery:content:cell RENDER silvery-box@5 rect=0,2 82x72 prev=0,2 82x72 flags=[] hasPrev=false ancClr=false caa=false prc=false prm=false coversNow=true coversPrev=true bg=none
04:22:49 DEBUG silvery:content:cell RENDER silvery-box@6 rect=0,2 82x72 prev=0,2 82x72 flags=[] hasPrev=false ancClr=false caa=false prc=false prm=false coversNow=true coversPrev=true bg=none
04:22:49 DEBUG silvery:content:cell RENDER silvery-box@7 rect=1,2 80x72 prev=1,2 80x72 flags=[] hasPrev=false ancClr=false caa=false prc=false prm=false coversNow=true coversPrev=true bg=none
04:22:49 DEBUG silvery:content:cell RENDER silvery-box@8 rect=41,2 40x72 prev=41,2 40x72 flags=[] hasPrev=false ancClr=false caa=false prc=false prm=false coversNow=true coversPrev=true bg=none
04:22:49 DEBUG silvery:content:cell RENDER @inbox@9 rect=41,2 40x72 prev=41,2 40x72 flags=[] hasPrev=false ancClr=false caa=false prc=false prm=false coversNow=true coversPrev=true bg=none
04:22:49 DEBUG silvery:content:cell RENDER silvery-box@10 rect=41,4 39x70 prev=41,4 39x70 flags=[] hasPrev=false ancClr=false caa=false prc=false prm=false coversNow=true coversPrev=true bg=none
04:22:49 DEBUG silvery:content:cell RENDER silvery-box@11 rect=41,4 39x70 prev=41,4 39x70 flags=[] hasPrev=false ancClr=false caa=false prc=false prm=false coversNow=true coversPrev=true bg=none
04:22:49 DEBUG silvery:content:cell RENDER silvery-box@12 rect=41,4 39x15 prev=41,4 39x15 flags=[] hasPrev=false ancClr=false caa=false prc=false prm=false coversNow=true coversPrev=true bg=none
04:22:49 DEBUG silvery:content:cell RENDER silvery-box@13 rect=41,4 39x15 prev=41,4 39x15 flags=[] hasPrev=false ancClr=false caa=false prc=false prm=false coversNow=true coversPrev=true bg=none
04:22:49 DEBUG silvery:content:cell RENDER silvery-box@14 rect=41,4 39x14 prev=41,4 39x14 flags=[] hasPrev=false ancClr=false caa=false prc=false prm=false coversNow=true coversPrev=true bg=none
04:22:49 DEBUG silvery:content:cell RENDER silvery-box@15 rect=42,5 37x13 prev=42,5 37x13 flags=[] hasPrev=false ancClr=false caa=false prc=false prm=false coversNow=true coversPrev=true bg=none
04:22:49 DEBUG silvery:content:cell RENDER silvery-box@16 rect=42,7 37x11 prev=42,7 37x11 flags=[] hasPrev=false ancClr=false caa=false prc=false prm=false coversNow=true coversPrev=true bg=none
04:22:49 DEBUG silvery:content:cell RENDER silvery-box@17 rect=42,13 37x5 prev=42,13 37x5 flags=[] hasPrev=false ancClr=false caa=false prc=false prm=false coversNow=true coversPrev=true bg=none
04:22:49 DEBUG silvery:content:cell RENDER silvery-box@18 rect=42,14 37x4 prev=42,14 37x4 flags=[] hasPrev=false ancClr=false caa=false prc=false prm=false coversNow=true coversPrev=true bg=none
04:22:49 DEBUG silvery:content:cell RENDER silvery-box@19 rect=42,17 37x1 prev=42,17 37x1 flags=[] hasPrev=false ancClr=false caa=false prc=false prm=false coversNow=true coversPrev=true bg=none
04:22:49 DEBUG silvery:content:cell RENDER silvery-box@3 rect=0,0 82x75 prev=0,0 82x75 flags=[] hasPrev=false ancClr=false caa=false prc=false prm=false coversNow=true coversPrev=true bg=none
04:22:49 DEBUG silvery:content:cell RENDER silvery-root@0 rect=0,0 82x75 prev=0,0 82x75 flags=[] hasPrev=false ancClr=false caa=false prc=false prm=false coversNow=true coversPrev=true bg=none
04:22:49 DEBUG silvery:content:cell RENDER silvery-box@1 rect=0,0 82x75 prev=0,0 82x75 flags=[] hasPrev=false ancClr=false caa=false prc=false prm=false coversNow=true coversPrev=true bg=none
04:22:49 DEBUG silvery:content:cell RENDER main@2 rect=0,0 82x75 prev=0,0 82x75 flags=[] hasPrev=false ancClr=false caa=false prc=false prm=false coversNow=true coversPrev=true bg=none
04:22:49 DEBUG silvery:content:cell RENDER .@3 rect=0,0 82x74 prev=0,0 82x74 flags=[] hasPrev=false ancClr=false caa=false prc=false prm=false coversNow=true coversPrev=true bg=none
04:22:49 DEBUG silvery:content:cell RENDER silvery-box@4 rect=0,2 82x72 prev=0,2 82x72 flags=[] hasPrev=false ancClr=false caa=false prc=false prm=false coversNow=true coversPrev=true bg=none
04:22:49 DEBUG silvery:content:cell RENDER silvery-box@5 rect=0,2 82x72 prev=0,2 82x72 flags=[] hasPrev=false ancClr=false caa=false prc=false prm=false coversNow=true coversPrev=true bg=none
04:22:49 DEBUG silvery:content:cell RENDER silvery-box@6 rect=0,2 82x72 prev=0,2 82x72 flags=[] hasPrev=false ancClr=false caa=false prc=false prm=false coversNow=true coversPrev=true bg=none
04:22:49 DEBUG silvery:content:cell RENDER silvery-box@7 rect=1,2 80x72 prev=1,2 80x72 flags=[] hasPrev=false ancClr=false caa=false prc=false prm=false coversNow=true coversPrev=true bg=none
04:22:49 DEBUG silvery:content:cell RENDER silvery-box@8 rect=41,2 40x72 prev=41,2 40x72 flags=[] hasPrev=false ancClr=false caa=false prc=false prm=false coversNow=true coversPrev=true bg=none
04:22:49 DEBUG silvery:content:cell RENDER @inbox@9 rect=41,2 40x72 prev=41,2 40x72 flags=[] hasPrev=false ancClr=false caa=false prc=false prm=false coversNow=true coversPrev=true bg=none
04:22:49 DEBUG silvery:content:cell RENDER silvery-box@10 rect=41,4 39x70 prev=41,4 39x70 flags=[] hasPrev=false ancClr=false caa=false prc=false prm=false coversNow=true coversPrev=true bg=none
04:22:49 DEBUG silvery:content:cell RENDER silvery-box@11 rect=41,4 39x70 prev=41,4 39x70 flags=[] hasPrev=false ancClr=false caa=false prc=false prm=false coversNow=true coversPrev=true bg=none
04:22:49 DEBUG silvery:content:cell RENDER silvery-box@12 rect=41,4 39x15 prev=41,4 39x15 flags=[] hasPrev=false ancClr=false caa=false prc=false prm=false coversNow=true coversPrev=true bg=none
04:22:49 DEBUG silvery:content:cell RENDER silvery-box@13 rect=41,4 39x15 prev=41,4 39x15 flags=[] hasPrev=false ancClr=false caa=false prc=false prm=false coversNow=true coversPrev=true bg=none
04:22:49 DEBUG silvery:content:cell RENDER silvery-box@14 rect=41,4 39x14 prev=41,4 39x14 flags=[] hasPrev=false ancClr=false caa=false prc=false prm=false coversNow=true coversPrev=true bg=none
04:22:49 DEBUG silvery:content:cell RENDER silvery-box@15 rect=42,5 37x13 prev=42,5 37x13 flags=[] hasPrev=false ancClr=false caa=false prc=false prm=false coversNow=true coversPrev=true bg=none
04:22:49 DEBUG silvery:content:cell RENDER silvery-box@16 rect=42,7 37x11 prev=42,7 37x11 flags=[] hasPrev=false ancClr=false caa=false prc=false prm=false coversNow=true coversPrev=true bg=none
04:22:49 DEBUG silvery:content:cell RENDER silvery-box@17 rect=42,13 37x5 prev=42,13 37x5 flags=[] hasPrev=false ancClr=false caa=false prc=false prm=false coversNow=true coversPrev=true bg=none
04:22:49 DEBUG silvery:content:cell RENDER silvery-box@18 rect=42,14 37x4 prev=42,14 37x4 flags=[] hasPrev=false ancClr=false caa=false prc=false prm=false coversNow=true coversPrev=true bg=none
04:22:49 DEBUG silvery:content:cell RENDER silvery-box@19 rect=42,17 37x1 prev=42,17 37x1 flags=[] hasPrev=false ancClr=false caa=false prc=false prm=false coversNow=true coversPrev=true bg=none
04:22:49 DEBUG silvery:content:cell RENDER silvery-box@3 rect=0,0 82x75 prev=0,0 82x75 flags=[] hasPrev=false ancClr=false caa=false prc=false prm=false coversNow=true coversPrev=true bg=none
04:23:00 DEBUG silvery:content:cell RENDER silvery-root@0 rect=0,0 82x75 prev=0,0 82x75 flags=[S] hasPrev=true ancClr=false caa=false prc=false prm=false coversNow=true coversPrev=true bg=none
04:23:00 DEBUG silvery:content:cell RENDER silvery-box@1 rect=0,0 82x75 prev=0,0 82x75 flags=[S] hasPrev=true ancClr=false caa=false prc=false prm=true coversNow=true coversPrev=true bg=none
04:23:00 DEBUG silvery:content:cell RENDER main@2 rect=0,0 82x75 prev=0,0 82x75 flags=[S] hasPrev=false ancClr=false caa=false prc=false prm=false coversNow=true coversPrev=true bg=none
04:23:00 DEBUG silvery:content:cell RENDER .@3 rect=0,0 82x74 prev=0,0 82x74 flags=[S] hasPrev=false ancClr=false caa=false prc=false prm=false coversNow=true coversPrev=true bg=none
04:23:00 DEBUG silvery:content:cell RENDER silvery-box@4 rect=0,2 82x72 prev=0,2 82x72 flags=[S] hasPrev=false ancClr=false caa=false prc=false prm=false coversNow=true coversPrev=true bg=none
04:23:00 DEBUG silvery:content:cell RENDER silvery-box@5 rect=0,2 82x72 prev=0,2 82x72 flags=[S] hasPrev=false ancClr=false caa=false prc=false prm=false coversNow=true coversPrev=true bg=none
04:23:00 DEBUG silvery:content:cell RENDER silvery-box@6 rect=0,2 82x72 prev=0,2 82x72 flags=[S] hasPrev=false ancClr=false caa=false prc=false prm=false coversNow=true coversPrev=true bg=none
04:23:00 DEBUG silvery:content:cell RENDER silvery-box@7 rect=1,2 80x72 prev=1,2 80x72 flags=[S] hasPrev=false ancClr=false caa=false prc=false prm=false coversNow=true coversPrev=true bg=none
04:23:00 DEBUG silvery:content:cell RENDER silvery-box@8 rect=41,2 40x72 prev=41,2 40x72 flags=[] hasPrev=false ancClr=false caa=false prc=false prm=false coversNow=true coversPrev=true bg=none
04:23:00 DEBUG silvery:content:cell RENDER @inbox@9 rect=41,2 40x72 prev=41,2 40x72 flags=[] hasPrev=false ancClr=false caa=false prc=false prm=false coversNow=true coversPrev=true bg=none
04:23:00 DEBUG silvery:content:cell RENDER silvery-box@10 rect=41,4 39x70 prev=41,4 39x70 flags=[] hasPrev=false ancClr=false caa=false prc=false prm=false coversNow=true coversPrev=true bg=none
04:23:00 DEBUG silvery:content:cell RENDER silvery-box@11 rect=41,4 39x70 prev=41,4 39x70 flags=[] hasPrev=false ancClr=false caa=false prc=false prm=false coversNow=true coversPrev=true bg=none
04:23:00 DEBUG silvery:content:cell RENDER silvery-box@12 rect=41,4 39x15 prev=41,4 39x15 flags=[] hasPrev=false ancClr=false caa=false prc=false prm=false coversNow=true coversPrev=true bg=none
04:23:00 DEBUG silvery:content:cell RENDER silvery-box@13 rect=41,4 39x15 prev=41,4 39x15 flags=[] hasPrev=false ancClr=false caa=false prc=false prm=false coversNow=true coversPrev=true bg=none
04:23:00 DEBUG silvery:content:cell RENDER silvery-box@14 rect=41,4 39x14 prev=41,4 39x14 flags=[] hasPrev=false ancClr=false caa=false prc=false prm=false coversNow=true coversPrev=true bg=none
04:23:00 DEBUG silvery:content:cell RENDER silvery-box@15 rect=42,5 37x13 prev=42,5 37x13 flags=[] hasPrev=false ancClr=false caa=false prc=false prm=false coversNow=true coversPrev=true bg=none
04:23:00 DEBUG silvery:content:cell RENDER silvery-box@16 rect=42,7 37x11 prev=42,7 37x11 flags=[] hasPrev=false ancClr=false caa=false prc=false prm=false coversNow=true coversPrev=true bg=none
04:23:00 DEBUG silvery:content:cell RENDER silvery-box@17 rect=42,13 37x5 prev=42,13 37x5 flags=[] hasPrev=false ancClr=false caa=false prc=false prm=false coversNow=true coversPrev=true bg=none
04:23:00 DEBUG silvery:content:cell RENDER silvery-box@18 rect=42,14 37x4 prev=42,14 37x4 flags=[] hasPrev=false ancClr=false caa=false prc=false prm=false coversNow=true coversPrev=true bg=none
04:23:00 DEBUG silvery:content:cell RENDER silvery-box@19 rect=42,17 37x1 prev=42,17 37x1 flags=[] hasPrev=false ancClr=false caa=false prc=false prm=false coversNow=true coversPrev=true bg=none
04:23:00 DEBUG silvery:content:cell RENDER silvery-box@3 rect=0,0 82x75 prev=0,0 82x75 flags=[] hasPrev=false ancClr=false caa=false prc=false prm=false coversNow=true coversPrev=true bg=none
04:23:00 DEBUG silvery:content:cell RENDER silvery-root@0 rect=0,0 82x75 prev=0,0 82x75 flags=[] hasPrev=false ancClr=false caa=false prc=false prm=false coversNow=true coversPrev=true bg=none
04:23:00 DEBUG silvery:content:cell RENDER silvery-box@1 rect=0,0 82x75 prev=0,0 82x75 flags=[] hasPrev=false ancClr=false caa=false prc=false prm=false coversNow=true coversPrev=true bg=none
04:23:00 DEBUG silvery:content:cell RENDER main@2 rect=0,0 82x75 prev=0,0 82x75 flags=[] hasPrev=false ancClr=false caa=false prc=false prm=false coversNow=true coversPrev=true bg=none
04:23:00 DEBUG silvery:content:cell RENDER .@3 rect=0,0 82x74 prev=0,0 82x74 flags=[] hasPrev=false ancClr=false caa=false prc=false prm=false coversNow=true coversPrev=true bg=none
04:23:00 DEBUG silvery:content:cell RENDER silvery-box@4 rect=0,2 82x72 prev=0,2 82x72 flags=[] hasPrev=false ancClr=false caa=false prc=false prm=false coversNow=true coversPrev=true bg=none
04:23:00 DEBUG silvery:content:cell RENDER silvery-box@5 rect=0,2 82x72 prev=0,2 82x72 flags=[] hasPrev=false ancClr=false caa=false prc=false prm=false coversNow=true coversPrev=true bg=none
04:23:00 DEBUG silvery:content:cell RENDER silvery-box@6 rect=0,2 82x72 prev=0,2 82x72 flags=[] hasPrev=false ancClr=false caa=false prc=false prm=false coversNow=true coversPrev=true bg=none
04:23:00 DEBUG silvery:content:cell RENDER silvery-box@7 rect=1,2 80x72 prev=1,2 80x72 flags=[] hasPrev=false ancClr=false caa=false prc=false prm=false coversNow=true coversPrev=true bg=none
04:23:00 DEBUG silvery:content:cell RENDER silvery-box@8 rect=41,2 40x72 prev=41,2 40x72 flags=[] hasPrev=false ancClr=false caa=false prc=false prm=false coversNow=true coversPrev=true bg=none
04:23:00 DEBUG silvery:content:cell RENDER @inbox@9 rect=41,2 40x72 prev=41,2 40x72 flags=[] hasPrev=false ancClr=false caa=false prc=false prm=false coversNow=true coversPrev=true bg=none
04:23:00 DEBUG silvery:content:cell RENDER silvery-box@10 rect=41,4 39x70 prev=41,4 39x70 flags=[] hasPrev=false ancClr=false caa=false prc=false prm=false coversNow=true coversPrev=true bg=none
04:23:00 DEBUG silvery:content:cell RENDER silvery-box@11 rect=41,4 39x70 prev=41,4 39x70 flags=[] hasPrev=false ancClr=false caa=false prc=false prm=false coversNow=true coversPrev=true bg=none
04:23:00 DEBUG silvery:content:cell RENDER silvery-box@12 rect=41,4 39x15 prev=41,4 39x15 flags=[] hasPrev=false ancClr=false caa=false prc=false prm=false coversNow=true coversPrev=true bg=none
04:23:00 DEBUG silvery:content:cell RENDER silvery-box@13 rect=41,4 39x15 prev=41,4 39x15 flags=[] hasPrev=false ancClr=false caa=false prc=false prm=false coversNow=true coversPrev=true bg=none
04:23:00 DEBUG silvery:content:cell RENDER silvery-box@14 rect=41,4 39x14 prev=41,4 39x14 flags=[] hasPrev=false ancClr=false caa=false prc=false prm=false coversNow=true coversPrev=true bg=none
04:23:00 DEBUG silvery:content:cell RENDER silvery-box@15 rect=42,5 37x13 prev=42,5 37x13 flags=[] hasPrev=false ancClr=false caa=false prc=false prm=false coversNow=true coversPrev=true bg=none
04:23:00 DEBUG silvery:content:cell RENDER silvery-box@16 rect=42,7 37x11 prev=42,7 37x11 flags=[] hasPrev=false ancClr=false caa=false prc=false prm=false coversNow=true coversPrev=true bg=none
04:23:00 DEBUG silvery:content:cell RENDER silvery-box@17 rect=42,13 37x5 prev=42,13 37x5 flags=[] hasPrev=false ancClr=false caa=false prc=false prm=false coversNow=true coversPrev=true bg=none
04:23:00 DEBUG silvery:content:cell RENDER silvery-box@18 rect=42,14 37x4 prev=42,14 37x4 flags=[] hasPrev=false ancClr=false caa=false prc=false prm=false coversNow=true coversPrev=true bg=none
04:23:00 DEBUG silvery:content:cell RENDER silvery-box@19 rect=42,17 37x1 prev=42,17 37x1 flags=[] hasPrev=false ancClr=false caa=false prc=false prm=false coversNow=true coversPrev=true bg=none
04:23:00 DEBUG silvery:content:cell RENDER silvery-box@3 rect=0,0 82x75 prev=0,0 82x75 flags=[] hasPrev=false ancClr=false caa=false prc=false prm=false coversNow=true coversPrev=true bg=none
04:23:00 DEBUG silvery:content:cell RENDER silvery-root@0 rect=0,0 82x75 prev=0,0 82x75 flags=[S] hasPrev=true ancClr=false caa=true prc=true prm=true coversNow=true coversPrev=true bg=none
04:23:00 DEBUG silvery:content:cell CLEAR_REGION silvery-root fill=0,0 82x75 bg=null COVERS TARGET
04:23:00 DEBUG silvery:content:cell RENDER silvery-box@1 rect=0,0 82x75 prev=0,0 82x75 flags=[S] hasPrev=false ancClr=true caa=false prc=false prm=false coversNow=true coversPrev=true bg=none
04:23:00 DEBUG silvery:content:cell RENDER main@2 rect=0,0 82x75 prev=0,0 82x75 flags=[S] hasPrev=false ancClr=false caa=false prc=false prm=false coversNow=true coversPrev=true bg=none
04:23:00 DEBUG silvery:content:cell RENDER .@3 rect=0,0 82x74 prev=0,0 82x74 flags=[S] hasPrev=false ancClr=false caa=false prc=false prm=false coversNow=true coversPrev=true bg=none
04:23:00 DEBUG silvery:content:cell RENDER silvery-box@4 rect=0,2 82x72 prev=0,2 82x72 flags=[S] hasPrev=false ancClr=false caa=false prc=false prm=false coversNow=true coversPrev=true bg=none
04:23:00 DEBUG silvery:content:cell RENDER silvery-box@5 rect=0,2 82x72 prev=0,2 82x72 flags=[S] hasPrev=false ancClr=false caa=false prc=false prm=false coversNow=true coversPrev=true bg=none
04:23:00 DEBUG silvery:content:cell RENDER silvery-box@6 rect=0,2 82x72 prev=0,2 82x72 flags=[S] hasPrev=false ancClr=false caa=false prc=false prm=false coversNow=true coversPrev=true bg=none
04:23:00 DEBUG silvery:content:cell RENDER silvery-box@7 rect=1,2 80x72 prev=1,2 80x72 flags=[S] hasPrev=false ancClr=false caa=false prc=false prm=false coversNow=true coversPrev=true bg=none
04:23:00 DEBUG silvery:content:cell RENDER silvery-box@8 rect=41,2 40x72 prev=41,2 40x72 flags=[S] hasPrev=false ancClr=false caa=false prc=false prm=false coversNow=true coversPrev=true bg=none
04:23:00 DEBUG silvery:content:cell RENDER @inbox@9 rect=41,2 40x72 prev=41,2 40x72 flags=[S] hasPrev=false ancClr=false caa=false prc=false prm=false coversNow=true coversPrev=true bg=none
04:23:00 DEBUG silvery:content:cell RENDER silvery-box@10 rect=41,4 39x70 prev=41,4 39x70 flags=[S] hasPrev=false ancClr=false caa=false prc=false prm=false coversNow=true coversPrev=true bg=none
04:23:00 DEBUG silvery:content:cell RENDER silvery-box@11 rect=41,4 39x70 prev=41,4 39x70 flags=[S] hasPrev=false ancClr=false caa=false prc=false prm=false coversNow=true coversPrev=true bg=none
04:23:00 DEBUG silvery:content:cell RENDER silvery-box@12 rect=41,4 39x15 prev=41,4 39x15 flags=[S] hasPrev=false ancClr=false caa=false prc=false prm=false coversNow=true coversPrev=true bg=none
04:23:00 DEBUG silvery:content:cell RENDER silvery-box@13 rect=41,4 39x15 prev=41,4 39x15 flags=[S] hasPrev=false ancClr=false caa=false prc=false prm=false coversNow=true coversPrev=true bg=none
04:23:00 DEBUG silvery:content:cell RENDER silvery-box@14 rect=41,4 39x14 prev=41,4 39x14 flags=[P,S,B] hasPrev=false ancClr=false caa=true prc=false prm=false coversNow=true coversPrev=true bg=$bg-selected
04:23:00 DEBUG silvery:content:cell RENDER silvery-box@15 rect=42,5 37x13 prev=42,5 37x13 flags=[S] hasPrev=false ancClr=false caa=false prc=false prm=false coversNow=true coversPrev=true bg=none
04:23:00 DEBUG silvery:content:cell RENDER silvery-box@16 rect=42,7 37x11 prev=42,7 37x11 flags=[] hasPrev=false ancClr=false caa=false prc=false prm=false coversNow=true coversPrev=true bg=none
04:23:00 DEBUG silvery:content:cell RENDER silvery-box@17 rect=42,13 37x5 prev=42,13 37x5 flags=[] hasPrev=false ancClr=false caa=false prc=false prm=false coversNow=true coversPrev=true bg=none
04:23:00 DEBUG silvery:content:cell RENDER silvery-box@18 rect=42,14 37x4 prev=42,14 37x4 flags=[] hasPrev=false ancClr=false caa=false prc=false prm=false coversNow=true coversPrev=true bg=none
04:23:00 DEBUG silvery:content:cell RENDER silvery-box@19 rect=42,17 37x1 prev=42,17 37x1 flags=[] hasPrev=false ancClr=false caa=false prc=false prm=false coversNow=true coversPrev=true bg=none
04:23:00 DEBUG silvery:content:cell RENDER silvery-box@3 rect=0,0 82x75 prev=0,0 82x75 flags=[] hasPrev=false ancClr=false caa=false prc=false prm=false coversNow=true coversPrev=true bg=none
04:23:00 DEBUG silvery:content:cell RENDER silvery-root@0 rect=0,0 82x75 prev=0,0 82x75 flags=[] hasPrev=false ancClr=false caa=false prc=false prm=false coversNow=true coversPrev=true bg=none
04:23:00 DEBUG silvery:content:cell RENDER silvery-box@1 rect=0,0 82x75 prev=0,0 82x75 flags=[] hasPrev=false ancClr=false caa=false prc=false prm=false coversNow=true coversPrev=true bg=none
04:23:00 DEBUG silvery:content:cell RENDER main@2 rect=0,0 82x75 prev=0,0 82x75 flags=[] hasPrev=false ancClr=false caa=false prc=false prm=false coversNow=true coversPrev=true bg=none
04:23:00 DEBUG silvery:content:cell RENDER .@3 rect=0,0 82x74 prev=0,0 82x74 flags=[] hasPrev=false ancClr=false caa=false prc=false prm=false coversNow=true coversPrev=true bg=none
04:23:00 DEBUG silvery:content:cell RENDER silvery-box@4 rect=0,2 82x72 prev=0,2 82x72 flags=[] hasPrev=false ancClr=false caa=false prc=false prm=false coversNow=true coversPrev=true bg=none
04:23:00 DEBUG silvery:content:cell RENDER silvery-box@5 rect=0,2 82x72 prev=0,2 82x72 flags=[] hasPrev=false ancClr=false caa=false prc=false prm=false coversNow=true coversPrev=true bg=none
04:23:00 DEBUG silvery:content:cell RENDER silvery-box@6 rect=0,2 82x72 prev=0,2 82x72 flags=[] hasPrev=false ancClr=false caa=false prc=false prm=false coversNow=true coversPrev=true bg=none
04:23:00 DEBUG silvery:content:cell RENDER silvery-box@7 rect=1,2 80x72 prev=1,2 80x72 flags=[] hasPrev=false ancClr=false caa=false prc=false prm=false coversNow=true coversPrev=true bg=none
04:23:00 DEBUG silvery:content:cell RENDER silvery-box@8 rect=41,2 40x72 prev=41,2 40x72 flags=[] hasPrev=false ancClr=false caa=false prc=false prm=false coversNow=true coversPrev=true bg=none
04:23:00 DEBUG silvery:content:cell RENDER @inbox@9 rect=41,2 40x72 prev=41,2 40x72 flags=[] hasPrev=false ancClr=false caa=false prc=false prm=false coversNow=true coversPrev=true bg=none
04:23:00 DEBUG silvery:content:cell RENDER silvery-box@10 rect=41,4 39x70 prev=41,4 39x70 flags=[] hasPrev=false ancClr=false caa=false prc=false prm=false coversNow=true coversPrev=true bg=none
04:23:00 DEBUG silvery:content:cell RENDER silvery-box@11 rect=41,4 39x70 prev=41,4 39x70 flags=[] hasPrev=false ancClr=false caa=false prc=false prm=false coversNow=true coversPrev=true bg=none
04:23:00 DEBUG silvery:content:cell RENDER silvery-box@12 rect=41,4 39x15 prev=41,4 39x15 flags=[] hasPrev=false ancClr=false caa=false prc=false prm=false coversNow=true coversPrev=true bg=none
04:23:00 DEBUG silvery:content:cell RENDER silvery-box@13 rect=41,4 39x15 prev=41,4 39x15 flags=[] hasPrev=false ancClr=false caa=false prc=false prm=false coversNow=true coversPrev=true bg=none
04:23:00 DEBUG silvery:content:cell RENDER silvery-box@14 rect=41,4 39x14 prev=41,4 39x14 flags=[] hasPrev=false ancClr=false caa=false prc=false prm=false coversNow=true coversPrev=true bg=$bg-selected
04:23:00 DEBUG silvery:content:cell RENDER silvery-box@15 rect=42,5 37x13 prev=42,5 37x13 flags=[] hasPrev=false ancClr=false caa=false prc=false prm=false coversNow=true coversPrev=true bg=none
04:23:00 DEBUG silvery:content:cell RENDER silvery-box@16 rect=42,7 37x11 prev=42,7 37x11 flags=[] hasPrev=false ancClr=false caa=false prc=false prm=false coversNow=true coversPrev=true bg=none
04:23:00 DEBUG silvery:content:cell RENDER silvery-box@17 rect=42,13 37x5 prev=42,13 37x5 flags=[] hasPrev=false ancClr=false caa=false prc=false prm=false coversNow=true coversPrev=true bg=none
04:23:00 DEBUG silvery:content:cell RENDER silvery-box@18 rect=42,14 37x4 prev=42,14 37x4 flags=[] hasPrev=false ancClr=false caa=false prc=false prm=false coversNow=true coversPrev=true bg=none
04:23:00 DEBUG silvery:content:cell RENDER silvery-box@19 rect=42,17 37x1 prev=42,17 37x1 flags=[] hasPrev=false ancClr=false caa=false prc=false prm=false coversNow=true coversPrev=true bg=none
04:23:00 DEBUG silvery:content:cell RENDER silvery-box@3 rect=0,0 82x75 prev=0,0 82x75 flags=[] hasPrev=false ancClr=false caa=false prc=false prm=false coversNow=true coversPrev=true bg=none
04:23:14 DEBUG silvery:content:cell RENDER silvery-root@0 rect=0,0 82x75 prev=0,0 82x75 flags=[S] hasPrev=true ancClr=false caa=false prc=false prm=false coversNow=true coversPrev=true bg=none
04:23:14 DEBUG silvery:content:cell RENDER silvery-box@1 rect=0,0 82x75 prev=0,0 82x75 flags=[S] hasPrev=true ancClr=false caa=false prc=false prm=true coversNow=true coversPrev=true bg=none
04:23:14 DEBUG silvery:content:cell RENDER main@2 rect=0,0 82x75 prev=0,0 82x75 flags=[S] hasPrev=false ancClr=false caa=false prc=false prm=false coversNow=true coversPrev=true bg=none
04:23:14 DEBUG silvery:content:cell RENDER .@3 rect=0,0 82x74 prev=0,0 82x74 flags=[] hasPrev=false ancClr=false caa=false prc=false prm=false coversNow=true coversPrev=true bg=none
04:23:14 DEBUG silvery:content:cell RENDER silvery-box@4 rect=0,2 82x72 prev=0,2 82x72 flags=[] hasPrev=false ancClr=false caa=false prc=false prm=false coversNow=true coversPrev=true bg=none
04:23:14 DEBUG silvery:content:cell RENDER silvery-box@5 rect=0,2 82x72 prev=0,2 82x72 flags=[] hasPrev=false ancClr=false caa=false prc=false prm=false coversNow=true coversPrev=true bg=none
04:23:14 DEBUG silvery:content:cell RENDER silvery-box@6 rect=0,2 82x72 prev=0,2 82x72 flags=[] hasPrev=false ancClr=false caa=false prc=false prm=false coversNow=true coversPrev=true bg=none
04:23:14 DEBUG silvery:content:cell RENDER silvery-box@7 rect=1,2 80x72 prev=1,2 80x72 flags=[] hasPrev=false ancClr=false caa=false prc=false prm=false coversNow=true coversPrev=true bg=none
04:23:14 DEBUG silvery:content:cell RENDER silvery-box@8 rect=41,2 40x72 prev=41,2 40x72 flags=[] hasPrev=false ancClr=false caa=false prc=false prm=false coversNow=true coversPrev=true bg=none
04:23:14 DEBUG silvery:content:cell RENDER @inbox@9 rect=41,2 40x72 prev=41,2 40x72 flags=[] hasPrev=false ancClr=false caa=false prc=false prm=false coversNow=true coversPrev=true bg=none
04:23:14 DEBUG silvery:content:cell RENDER silvery-box@10 rect=41,4 39x70 prev=41,4 39x70 flags=[] hasPrev=false ancClr=false caa=false prc=false prm=false coversNow=true coversPrev=true bg=none
04:23:14 DEBUG silvery:content:cell RENDER silvery-box@11 rect=41,4 39x70 prev=41,4 39x70 flags=[] hasPrev=false ancClr=false caa=false prc=false prm=false coversNow=true coversPrev=true bg=none
04:23:14 DEBUG silvery:content:cell RENDER silvery-box@12 rect=41,4 39x15 prev=41,4 39x15 flags=[] hasPrev=false ancClr=false caa=false prc=false prm=false coversNow=true coversPrev=true bg=none
04:23:14 DEBUG silvery:content:cell RENDER silvery-box@13 rect=41,4 39x15 prev=41,4 39x15 flags=[] hasPrev=false ancClr=false caa=false prc=false prm=false coversNow=true coversPrev=true bg=none
04:23:14 DEBUG silvery:content:cell RENDER silvery-box@14 rect=41,4 39x14 prev=41,4 39x14 flags=[] hasPrev=false ancClr=false caa=false prc=false prm=false coversNow=true coversPrev=true bg=$bg-selected
04:23:14 DEBUG silvery:content:cell RENDER silvery-box@15 rect=42,5 37x13 prev=42,5 37x13 flags=[] hasPrev=false ancClr=false caa=false prc=false prm=false coversNow=true coversPrev=true bg=none
04:23:14 DEBUG silvery:content:cell RENDER silvery-box@16 rect=42,7 37x11 prev=42,7 37x11 flags=[] hasPrev=false ancClr=false caa=false prc=false prm=false coversNow=true coversPrev=true bg=none
04:23:14 DEBUG silvery:content:cell RENDER silvery-box@17 rect=42,13 37x5 prev=42,13 37x5 flags=[] hasPrev=false ancClr=false caa=false prc=false prm=false coversNow=true coversPrev=true bg=none
04:23:14 DEBUG silvery:content:cell RENDER silvery-box@18 rect=42,14 37x4 prev=42,14 37x4 flags=[] hasPrev=false ancClr=false caa=false prc=false prm=false coversNow=true coversPrev=true bg=none
04:23:14 DEBUG silvery:content:cell RENDER silvery-box@19 rect=42,17 37x1 prev=42,17 37x1 flags=[] hasPrev=false ancClr=false caa=false prc=false prm=false coversNow=true coversPrev=true bg=none
04:23:14 DEBUG silvery:content:cell RENDER silvery-box@3 rect=0,0 82x75 prev=0,0 82x75 flags=[] hasPrev=false ancClr=false caa=false prc=false prm=false coversNow=true coversPrev=true bg=none
04:23:14 DEBUG silvery:content:cell RENDER silvery-root@0 rect=0,0 82x75 prev=0,0 82x75 flags=[] hasPrev=false ancClr=false caa=false prc=false prm=false coversNow=true coversPrev=true bg=none
04:23:14 DEBUG silvery:content:cell RENDER silvery-box@1 rect=0,0 82x75 prev=0,0 82x75 flags=[] hasPrev=false ancClr=false caa=false prc=false prm=false coversNow=true coversPrev=true bg=none
04:23:14 DEBUG silvery:content:cell RENDER main@2 rect=0,0 82x75 prev=0,0 82x75 flags=[] hasPrev=false ancClr=false caa=false prc=false prm=false coversNow=true coversPrev=true bg=none
04:23:14 DEBUG silvery:content:cell RENDER .@3 rect=0,0 82x74 prev=0,0 82x74 flags=[] hasPrev=false ancClr=false caa=false prc=false prm=false coversNow=true coversPrev=true bg=none
04:23:14 DEBUG silvery:content:cell RENDER silvery-box@4 rect=0,2 82x72 prev=0,2 82x72 flags=[] hasPrev=false ancClr=false caa=false prc=false prm=false coversNow=true coversPrev=true bg=none
04:23:14 DEBUG silvery:content:cell RENDER silvery-box@5 rect=0,2 82x72 prev=0,2 82x72 flags=[] hasPrev=false ancClr=false caa=false prc=false prm=false coversNow=true coversPrev=true bg=none
04:23:14 DEBUG silvery:content:cell RENDER silvery-box@6 rect=0,2 82x72 prev=0,2 82x72 flags=[] hasPrev=false ancClr=false caa=false prc=false prm=false coversNow=true coversPrev=true bg=none
04:23:14 DEBUG silvery:content:cell RENDER silvery-box@7 rect=1,2 80x72 prev=1,2 80x72 flags=[] hasPrev=false ancClr=false caa=false prc=false prm=false coversNow=true coversPrev=true bg=none
04:23:14 DEBUG silvery:content:cell RENDER silvery-box@8 rect=41,2 40x72 prev=41,2 40x72 flags=[] hasPrev=false ancClr=false caa=false prc=false prm=false coversNow=true coversPrev=true bg=none
04:23:14 DEBUG silvery:content:cell RENDER @inbox@9 rect=41,2 40x72 prev=41,2 40x72 flags=[] hasPrev=false ancClr=false caa=false prc=false prm=false coversNow=true coversPrev=true bg=none
04:23:14 DEBUG silvery:content:cell RENDER silvery-box@10 rect=41,4 39x70 prev=41,4 39x70 flags=[] hasPrev=false ancClr=false caa=false prc=false prm=false coversNow=true coversPrev=true bg=none
04:23:14 DEBUG silvery:content:cell RENDER silvery-box@11 rect=41,4 39x70 prev=41,4 39x70 flags=[] hasPrev=false ancClr=false caa=false prc=false prm=false coversNow=true coversPrev=true bg=none
04:23:14 DEBUG silvery:content:cell RENDER silvery-box@12 rect=41,4 39x15 prev=41,4 39x15 flags=[] hasPrev=false ancClr=false caa=false prc=false prm=false coversNow=true coversPrev=true bg=none
04:23:14 DEBUG silvery:content:cell RENDER silvery-box@13 rect=41,4 39x15 prev=41,4 39x15 flags=[] hasPrev=false ancClr=false caa=false prc=false prm=false coversNow=true coversPrev=true bg=none
04:23:14 DEBUG silvery:content:cell RENDER silvery-box@14 rect=41,4 39x14 prev=41,4 39x14 flags=[] hasPrev=false ancClr=false caa=false prc=false prm=false coversNow=true coversPrev=true bg=$bg-selected
04:23:14 DEBUG silvery:content:cell RENDER silvery-box@15 rect=42,5 37x13 prev=42,5 37x13 flags=[] hasPrev=false ancClr=false caa=false prc=false prm=false coversNow=true coversPrev=true bg=none
04:23:14 DEBUG silvery:content:cell RENDER silvery-box@16 rect=42,7 37x11 prev=42,7 37x11 flags=[] hasPrev=false ancClr=false caa=false prc=false prm=false coversNow=true coversPrev=true bg=none
04:23:14 DEBUG silvery:content:cell RENDER silvery-box@17 rect=42,13 37x5 prev=42,13 37x5 flags=[] hasPrev=false ancClr=false caa=false prc=false prm=false coversNow=true coversPrev=true bg=none
04:23:14 DEBUG silvery:content:cell RENDER silvery-box@18 rect=42,14 37x4 prev=42,14 37x4 flags=[] hasPrev=false ancClr=false caa=false prc=false prm=false coversNow=true coversPrev=true bg=none
04:23:14 DEBUG silvery:content:cell RENDER silvery-box@19 rect=42,17 37x1 prev=42,17 37x1 flags=[] hasPrev=false ancClr=false caa=false prc=false prm=false coversNow=true coversPrev=true bg=none
04:23:14 DEBUG silvery:content:cell RENDER silvery-box@3 rect=0,0 82x75 prev=0,0 82x75 flags=[] hasPrev=false ancClr=false caa=false prc=false prm=false coversNow=true coversPrev=true bg=none
04:23:14 DEBUG silvery:content:cell RENDER silvery-root@0 rect=0,0 82x75 prev=0,0 82x75 flags=[S] hasPrev=true ancClr=false caa=false prc=false prm=false coversNow=true coversPrev=true bg=none
04:23:14 DEBUG silvery:content:cell RENDER silvery-box@1 rect=0,0 82x75 prev=0,0 82x75 flags=[S] hasPrev=true ancClr=false caa=false prc=false prm=true coversNow=true coversPrev=true bg=none
04:23:14 DEBUG silvery:content:cell RENDER main@2 rect=0,0 82x75 prev=0,0 82x75 flags=[S] hasPrev=false ancClr=false caa=false prc=false prm=false coversNow=true coversPrev=true bg=none
04:23:14 DEBUG silvery:content:cell RENDER .@3 rect=0,0 82x74 prev=0,0 82x74 flags=[] hasPrev=false ancClr=false caa=false prc=false prm=false coversNow=true coversPrev=true bg=none
04:23:14 DEBUG silvery:content:cell RENDER silvery-box@4 rect=0,2 82x72 prev=0,2 82x72 flags=[] hasPrev=false ancClr=false caa=false prc=false prm=false coversNow=true coversPrev=true bg=none
04:23:14 DEBUG silvery:content:cell RENDER silvery-box@5 rect=0,2 82x72 prev=0,2 82x72 flags=[] hasPrev=false ancClr=false caa=false prc=false prm=false coversNow=true coversPrev=true bg=none
04:23:14 DEBUG silvery:content:cell RENDER silvery-box@6 rect=0,2 82x72 prev=0,2 82x72 flags=[] hasPrev=false ancClr=false caa=false prc=false prm=false coversNow=true coversPrev=true bg=none
04:23:14 DEBUG silvery:content:cell RENDER silvery-box@7 rect=1,2 80x72 prev=1,2 80x72 flags=[] hasPrev=false ancClr=false caa=false prc=false prm=false coversNow=true coversPrev=true bg=none
04:23:14 DEBUG silvery:content:cell RENDER silvery-box@8 rect=41,2 40x72 prev=41,2 40x72 flags=[] hasPrev=false ancClr=false caa=false prc=false prm=false coversNow=true coversPrev=true bg=none
04:23:14 DEBUG silvery:content:cell RENDER @inbox@9 rect=41,2 40x72 prev=41,2 40x72 flags=[] hasPrev=false ancClr=false caa=false prc=false prm=false coversNow=true coversPrev=true bg=none
04:23:14 DEBUG silvery:content:cell RENDER silvery-box@10 rect=41,4 39x70 prev=41,4 39x70 flags=[] hasPrev=false ancClr=false caa=false prc=false prm=false coversNow=true coversPrev=true bg=none
04:23:14 DEBUG silvery:content:cell RENDER silvery-box@11 rect=41,4 39x70 prev=41,4 39x70 flags=[] hasPrev=false ancClr=false caa=false prc=false prm=false coversNow=true coversPrev=true bg=none
04:23:14 DEBUG silvery:content:cell RENDER silvery-box@12 rect=41,4 39x15 prev=41,4 39x15 flags=[] hasPrev=false ancClr=false caa=false prc=false prm=false coversNow=true coversPrev=true bg=none
04:23:14 DEBUG silvery:content:cell RENDER silvery-box@13 rect=41,4 39x15 prev=41,4 39x15 flags=[] hasPrev=false ancClr=false caa=false prc=false prm=false coversNow=true coversPrev=true bg=none
04:23:14 DEBUG silvery:content:cell RENDER silvery-box@14 rect=41,4 39x14 prev=41,4 39x14 flags=[] hasPrev=false ancClr=false caa=false prc=false prm=false coversNow=true coversPrev=true bg=$bg-selected
04:23:14 DEBUG silvery:content:cell RENDER silvery-box@15 rect=42,5 37x13 prev=42,5 37x13 flags=[] hasPrev=false ancClr=false caa=false prc=false prm=false coversNow=true coversPrev=true bg=none
04:23:14 DEBUG silvery:content:cell RENDER silvery-box@16 rect=42,7 37x11 prev=42,7 37x11 flags=[] hasPrev=false ancClr=false caa=false prc=false prm=false coversNow=true coversPrev=true bg=none
04:23:14 DEBUG silvery:content:cell RENDER silvery-box@17 rect=42,13 37x5 prev=42,13 37x5 flags=[] hasPrev=false ancClr=false caa=false prc=false prm=false coversNow=true coversPrev=true bg=none
04:23:14 DEBUG silvery:content:cell RENDER silvery-box@18 rect=42,14 37x4 prev=42,14 37x4 flags=[] hasPrev=false ancClr=false caa=false prc=false prm=false coversNow=true coversPrev=true bg=none
04:23:14 DEBUG silvery:content:cell RENDER silvery-box@19 rect=42,17 37x1 prev=42,17 37x1 flags=[] hasPrev=false ancClr=false caa=false prc=false prm=false coversNow=true coversPrev=true bg=none
04:23:14 DEBUG silvery:content:cell RENDER silvery-box@3 rect=0,0 82x75 prev=0,0 82x75 flags=[] hasPrev=false ancClr=false caa=false prc=false prm=false coversNow=true coversPrev=true bg=none
04:23:14 DEBUG silvery:content:cell RENDER silvery-root@0 rect=0,0 82x75 prev=0,0 82x75 flags=[] hasPrev=false ancClr=false caa=false prc=false prm=false coversNow=true coversPrev=true bg=none
04:23:14 DEBUG silvery:content:cell RENDER silvery-box@1 rect=0,0 82x75 prev=0,0 82x75 flags=[] hasPrev=false ancClr=false caa=false prc=false prm=false coversNow=true coversPrev=true bg=none
04:23:14 DEBUG silvery:content:cell RENDER main@2 rect=0,0 82x75 prev=0,0 82x75 flags=[] hasPrev=false ancClr=false caa=false prc=false prm=false coversNow=true coversPrev=true bg=none
04:23:14 DEBUG silvery:content:cell RENDER .@3 rect=0,0 82x74 prev=0,0 82x74 flags=[] hasPrev=false ancClr=false caa=false prc=false prm=false coversNow=true coversPrev=true bg=none
04:23:14 DEBUG silvery:content:cell RENDER silvery-box@4 rect=0,2 82x72 prev=0,2 82x72 flags=[] hasPrev=false ancClr=false caa=false prc=false prm=false coversNow=true coversPrev=true bg=none
04:23:14 DEBUG silvery:content:cell RENDER silvery-box@5 rect=0,2 82x72 prev=0,2 82x72 flags=[] hasPrev=false ancClr=false caa=false prc=false prm=false coversNow=true coversPrev=true bg=none
04:23:14 DEBUG silvery:content:cell RENDER silvery-box@6 rect=0,2 82x72 prev=0,2 82x72 flags=[] hasPrev=false ancClr=false caa=false prc=false prm=false coversNow=true coversPrev=true bg=none
04:23:14 DEBUG silvery:content:cell RENDER silvery-box@7 rect=1,2 80x72 prev=1,2 80x72 flags=[] hasPrev=false ancClr=false caa=false prc=false prm=false coversNow=true coversPrev=true bg=none
04:23:14 DEBUG silvery:content:cell RENDER silvery-box@8 rect=41,2 40x72 prev=41,2 40x72 flags=[] hasPrev=false ancClr=false caa=false prc=false prm=false coversNow=true coversPrev=true bg=none
04:23:14 DEBUG silvery:content:cell RENDER @inbox@9 rect=41,2 40x72 prev=41,2 40x72 flags=[] hasPrev=false ancClr=false caa=false prc=false prm=false coversNow=true coversPrev=true bg=none
04:23:14 DEBUG silvery:content:cell RENDER silvery-box@10 rect=41,4 39x70 prev=41,4 39x70 flags=[] hasPrev=false ancClr=false caa=false prc=false prm=false coversNow=true coversPrev=true bg=none
04:23:14 DEBUG silvery:content:cell RENDER silvery-box@11 rect=41,4 39x70 prev=41,4 39x70 flags=[] hasPrev=false ancClr=false caa=false prc=false prm=false coversNow=true coversPrev=true bg=none
04:23:14 DEBUG silvery:content:cell RENDER silvery-box@12 rect=41,4 39x15 prev=41,4 39x15 flags=[] hasPrev=false ancClr=false caa=false prc=false prm=false coversNow=true coversPrev=true bg=none
04:23:14 DEBUG silvery:content:cell RENDER silvery-box@13 rect=41,4 39x15 prev=41,4 39x15 flags=[] hasPrev=false ancClr=false caa=false prc=false prm=false coversNow=true coversPrev=true bg=none
04:23:14 DEBUG silvery:content:cell RENDER silvery-box@14 rect=41,4 39x14 prev=41,4 39x14 flags=[] hasPrev=false ancClr=false caa=false prc=false prm=false coversNow=true coversPrev=true bg=$bg-selected
04:23:14 DEBUG silvery:content:cell RENDER silvery-box@15 rect=42,5 37x13 prev=42,5 37x13 flags=[] hasPrev=false ancClr=false caa=false prc=false prm=false coversNow=true coversPrev=true bg=none
04:23:14 DEBUG silvery:content:cell RENDER silvery-box@16 rect=42,7 37x11 prev=42,7 37x11 flags=[] hasPrev=false ancClr=false caa=false prc=false prm=false coversNow=true coversPrev=true bg=none
04:23:14 DEBUG silvery:content:cell RENDER silvery-box@17 rect=42,13 37x5 prev=42,13 37x5 flags=[] hasPrev=false ancClr=false caa=false prc=false prm=false coversNow=true coversPrev=true bg=none
04:23:14 DEBUG silvery:content:cell RENDER silvery-box@18 rect=42,14 37x4 prev=42,14 37x4 flags=[] hasPrev=false ancClr=false caa=false prc=false prm=false coversNow=true coversPrev=true bg=none
04:23:14 DEBUG silvery:content:cell RENDER silvery-box@19 rect=42,17 37x1 prev=42,17 37x1 flags=[] hasPrev=false ancClr=false caa=false prc=false prm=false coversNow=true coversPrev=true bg=none
04:23:14 DEBUG silvery:content:cell RENDER silvery-box@3 rect=0,0 82x75 prev=0,0 82x75 flags=[] hasPrev=false ancClr=false caa=false prc=false prm=false coversNow=true coversPrev=true bg=none
04:23:17 DEBUG silvery:content:cell RENDER silvery-root@0 rect=0,0 82x75 prev=0,0 82x75 flags=[S] hasPrev=true ancClr=false caa=false prc=false prm=false coversNow=true coversPrev=true bg=none
04:23:17 DEBUG silvery:content:cell RENDER silvery-box@1 rect=0,0 82x75 prev=0,0 82x75 flags=[S] hasPrev=true ancClr=false caa=false prc=false prm=true coversNow=true coversPrev=true bg=none
04:23:17 DEBUG silvery:content:cell RENDER main@2 rect=0,0 82x75 prev=0,0 82x75 flags=[S] hasPrev=false ancClr=false caa=false prc=false prm=false coversNow=true coversPrev=true bg=none
04:23:17 DEBUG silvery:content:cell RENDER .@3 rect=0,0 82x74 prev=0,0 82x74 flags=[] hasPrev=false ancClr=false caa=false prc=false prm=false coversNow=true coversPrev=true bg=none
04:23:17 DEBUG silvery:content:cell RENDER silvery-box@4 rect=0,2 82x72 prev=0,2 82x72 flags=[] hasPrev=false ancClr=false caa=false prc=false prm=false coversNow=true coversPrev=true bg=none
04:23:17 DEBUG silvery:content:cell RENDER silvery-box@5 rect=0,2 82x72 prev=0,2 82x72 flags=[] hasPrev=false ancClr=false caa=false prc=false prm=false coversNow=true coversPrev=true bg=none
04:23:17 DEBUG silvery:content:cell RENDER silvery-box@6 rect=0,2 82x72 prev=0,2 82x72 flags=[] hasPrev=false ancClr=false caa=false prc=false prm=false coversNow=true coversPrev=true bg=none
04:23:17 DEBUG silvery:content:cell RENDER silvery-box@7 rect=1,2 80x72 prev=1,2 80x72 flags=[] hasPrev=false ancClr=false caa=false prc=false prm=false coversNow=true coversPrev=true bg=none
04:23:17 DEBUG silvery:content:cell RENDER silvery-box@8 rect=41,2 40x72 prev=41,2 40x72 flags=[] hasPrev=false ancClr=false caa=false prc=false prm=false coversNow=true coversPrev=true bg=none
04:23:17 DEBUG silvery:content:cell RENDER @inbox@9 rect=41,2 40x72 prev=41,2 40x72 flags=[] hasPrev=false ancClr=false caa=false prc=false prm=false coversNow=true coversPrev=true bg=none
04:23:17 DEBUG silvery:content:cell RENDER silvery-box@10 rect=41,4 39x70 prev=41,4 39x70 flags=[] hasPrev=false ancClr=false caa=false prc=false prm=false coversNow=true coversPrev=true bg=none
04:23:17 DEBUG silvery:content:cell RENDER silvery-box@11 rect=41,4 39x70 prev=41,4 39x70 flags=[] hasPrev=false ancClr=false caa=false prc=false prm=false coversNow=true coversPrev=true bg=none
04:23:17 DEBUG silvery:content:cell RENDER silvery-box@12 rect=41,4 39x15 prev=41,4 39x15 flags=[] hasPrev=false ancClr=false caa=false prc=false prm=false coversNow=true coversPrev=true bg=none
04:23:17 DEBUG silvery:content:cell RENDER silvery-box@13 rect=41,4 39x15 prev=41,4 39x15 flags=[] hasPrev=false ancClr=false caa=false prc=false prm=false coversNow=true coversPrev=true bg=none
04:23:17 DEBUG silvery:content:cell RENDER silvery-box@14 rect=41,4 39x14 prev=41,4 39x14 flags=[] hasPrev=false ancClr=false caa=false prc=false prm=false coversNow=true coversPrev=true bg=$bg-selected
04:23:17 DEBUG silvery:content:cell RENDER silvery-box@15 rect=42,5 37x13 prev=42,5 37x13 flags=[] hasPrev=false ancClr=false caa=false prc=false prm=false coversNow=true coversPrev=true bg=none
04:23:17 DEBUG silvery:content:cell RENDER silvery-box@16 rect=42,7 37x11 prev=42,7 37x11 flags=[] hasPrev=false ancClr=false caa=false prc=false prm=false coversNow=true coversPrev=true bg=none
04:23:17 DEBUG silvery:content:cell RENDER silvery-box@17 rect=42,13 37x5 prev=42,13 37x5 flags=[] hasPrev=false ancClr=false caa=false prc=false prm=false coversNow=true coversPrev=true bg=none
04:23:17 DEBUG silvery:content:cell RENDER silvery-box@18 rect=42,14 37x4 prev=42,14 37x4 flags=[] hasPrev=false ancClr=false caa=false prc=false prm=false coversNow=true coversPrev=true bg=none
04:23:17 DEBUG silvery:content:cell RENDER silvery-box@19 rect=42,17 37x1 prev=42,17 37x1 flags=[] hasPrev=false ancClr=false caa=false prc=false prm=false coversNow=true coversPrev=true bg=none
04:23:17 DEBUG silvery:content:cell RENDER silvery-box@3 rect=0,0 82x75 prev=0,0 82x75 flags=[] hasPrev=false ancClr=false caa=false prc=false prm=false coversNow=true coversPrev=true bg=none
04:23:17 DEBUG silvery:content:cell RENDER silvery-root@0 rect=0,0 82x75 prev=0,0 82x75 flags=[] hasPrev=false ancClr=false caa=false prc=false prm=false coversNow=true coversPrev=true bg=none
04:23:17 DEBUG silvery:content:cell RENDER silvery-box@1 rect=0,0 82x75 prev=0,0 82x75 flags=[] hasPrev=false ancClr=false caa=false prc=false prm=false coversNow=true coversPrev=true bg=none
04:23:17 DEBUG silvery:content:cell RENDER main@2 rect=0,0 82x75 prev=0,0 82x75 flags=[] hasPrev=false ancClr=false caa=false prc=false prm=false coversNow=true coversPrev=true bg=none
04:23:17 DEBUG silvery:content:cell RENDER .@3 rect=0,0 82x74 prev=0,0 82x74 flags=[] hasPrev=false ancClr=false caa=false prc=false prm=false coversNow=true coversPrev=true bg=none
04:23:17 DEBUG silvery:content:cell RENDER silvery-box@4 rect=0,2 82x72 prev=0,2 82x72 flags=[] hasPrev=false ancClr=false caa=false prc=false prm=false coversNow=true coversPrev=true bg=none
04:23:17 DEBUG silvery:content:cell RENDER silvery-box@5 rect=0,2 82x72 prev=0,2 82x72 flags=[] hasPrev=false ancClr=false caa=false prc=false prm=false coversNow=true coversPrev=true bg=none
04:23:17 DEBUG silvery:content:cell RENDER silvery-box@6 rect=0,2 82x72 prev=0,2 82x72 flags=[] hasPrev=false ancClr=false caa=false prc=false prm=false coversNow=true coversPrev=true bg=none
04:23:17 DEBUG silvery:content:cell RENDER silvery-box@7 rect=1,2 80x72 prev=1,2 80x72 flags=[] hasPrev=false ancClr=false caa=false prc=false prm=false coversNow=true coversPrev=true bg=none
04:23:17 DEBUG silvery:content:cell RENDER silvery-box@8 rect=41,2 40x72 prev=41,2 40x72 flags=[] hasPrev=false ancClr=false caa=false prc=false prm=false coversNow=true coversPrev=true bg=none
04:23:17 DEBUG silvery:content:cell RENDER @inbox@9 rect=41,2 40x72 prev=41,2 40x72 flags=[] hasPrev=false ancClr=false caa=false prc=false prm=false coversNow=true coversPrev=true bg=none
04:23:17 DEBUG silvery:content:cell RENDER silvery-box@10 rect=41,4 39x70 prev=41,4 39x70 flags=[] hasPrev=false ancClr=false caa=false prc=false prm=false coversNow=true coversPrev=true bg=none
04:23:17 DEBUG silvery:content:cell RENDER silvery-box@11 rect=41,4 39x70 prev=41,4 39x70 flags=[] hasPrev=false ancClr=false caa=false prc=false prm=false coversNow=true coversPrev=true bg=none
04:23:17 DEBUG silvery:content:cell RENDER silvery-box@12 rect=41,4 39x15 prev=41,4 39x15 flags=[] hasPrev=false ancClr=false caa=false prc=false prm=false coversNow=true coversPrev=true bg=none
04:23:17 DEBUG silvery:content:cell RENDER silvery-box@13 rect=41,4 39x15 prev=41,4 39x15 flags=[] hasPrev=false ancClr=false caa=false prc=false prm=false coversNow=true coversPrev=true bg=none
04:23:17 DEBUG silvery:content:cell RENDER silvery-box@14 rect=41,4 39x14 prev=41,4 39x14 flags=[] hasPrev=false ancClr=false caa=false prc=false prm=false coversNow=true coversPrev=true bg=$bg-selected
04:23:17 DEBUG silvery:content:cell RENDER silvery-box@15 rect=42,5 37x13 prev=42,5 37x13 flags=[] hasPrev=false ancClr=false caa=false prc=false prm=false coversNow=true coversPrev=true bg=none
04:23:17 DEBUG silvery:content:cell RENDER silvery-box@16 rect=42,7 37x11 prev=42,7 37x11 flags=[] hasPrev=false ancClr=false caa=false prc=false prm=false coversNow=true coversPrev=true bg=none
04:23:17 DEBUG silvery:content:cell RENDER silvery-box@17 rect=42,13 37x5 prev=42,13 37x5 flags=[] hasPrev=false ancClr=false caa=false prc=false prm=false coversNow=true coversPrev=true bg=none
04:23:17 DEBUG silvery:content:cell RENDER silvery-box@18 rect=42,14 37x4 prev=42,14 37x4 flags=[] hasPrev=false ancClr=false caa=false prc=false prm=false coversNow=true coversPrev=true bg=none
04:23:17 DEBUG silvery:content:cell RENDER silvery-box@19 rect=42,17 37x1 prev=42,17 37x1 flags=[] hasPrev=false ancClr=false caa=false prc=false prm=false coversNow=true coversPrev=true bg=none
04:23:17 DEBUG silvery:content:cell RENDER silvery-box@3 rect=0,0 82x75 prev=0,0 82x75 flags=[] hasPrev=false ancClr=false caa=false prc=false prm=false coversNow=true coversPrev=true bg=none
04:25:11 DEBUG silvery:content:cell RENDER silvery-root@0 rect=0,0 82x75 prev=0,0 82x75 flags=[S] hasPrev=true ancClr=false caa=false prc=false prm=false coversNow=true coversPrev=true bg=none
04:25:11 DEBUG silvery:content:cell RENDER silvery-box@1 rect=0,0 82x75 prev=0,0 82x75 flags=[S] hasPrev=true ancClr=false caa=false prc=false prm=true coversNow=true coversPrev=true bg=none
04:25:11 DEBUG silvery:content:cell RENDER main@2 rect=0,0 82x75 prev=0,0 82x75 flags=[S] hasPrev=false ancClr=false caa=false prc=false prm=false coversNow=true coversPrev=true bg=none
04:25:11 DEBUG silvery:content:cell RENDER .@3 rect=0,0 82x74 prev=0,0 82x74 flags=[] hasPrev=false ancClr=false caa=false prc=false prm=false coversNow=true coversPrev=true bg=none
04:25:11 DEBUG silvery:content:cell RENDER silvery-box@4 rect=0,2 82x72 prev=0,2 82x72 flags=[] hasPrev=false ancClr=false caa=false prc=false prm=false coversNow=true coversPrev=true bg=none
04:25:11 DEBUG silvery:content:cell RENDER silvery-box@5 rect=0,2 82x72 prev=0,2 82x72 flags=[] hasPrev=false ancClr=false caa=false prc=false prm=false coversNow=true coversPrev=true bg=none
04:25:11 DEBUG silvery:content:cell RENDER silvery-box@6 rect=0,2 82x72 prev=0,2 82x72 flags=[] hasPrev=false ancClr=false caa=false prc=false prm=false coversNow=true coversPrev=true bg=none
04:25:11 DEBUG silvery:content:cell RENDER silvery-box@7 rect=1,2 80x72 prev=1,2 80x72 flags=[] hasPrev=false ancClr=false caa=false prc=false prm=false coversNow=true coversPrev=true bg=none
04:25:11 DEBUG silvery:content:cell RENDER silvery-box@8 rect=41,2 40x72 prev=41,2 40x72 flags=[] hasPrev=false ancClr=false caa=false prc=false prm=false coversNow=true coversPrev=true bg=none
04:25:11 DEBUG silvery:content:cell RENDER @inbox@9 rect=41,2 40x72 prev=41,2 40x72 flags=[] hasPrev=false ancClr=false caa=false prc=false prm=false coversNow=true coversPrev=true bg=none
04:25:11 DEBUG silvery:content:cell RENDER silvery-box@10 rect=41,4 39x70 prev=41,4 39x70 flags=[] hasPrev=false ancClr=false caa=false prc=false prm=false coversNow=true coversPrev=true bg=none
04:25:11 DEBUG silvery:content:cell RENDER silvery-box@11 rect=41,4 39x70 prev=41,4 39x70 flags=[] hasPrev=false ancClr=false caa=false prc=false prm=false coversNow=true coversPrev=true bg=none
04:25:11 DEBUG silvery:content:cell RENDER silvery-box@12 rect=41,4 39x15 prev=41,4 39x15 flags=[] hasPrev=false ancClr=false caa=false prc=false prm=false coversNow=true coversPrev=true bg=none
04:25:11 DEBUG silvery:content:cell RENDER silvery-box@13 rect=41,4 39x15 prev=41,4 39x15 flags=[] hasPrev=false ancClr=false caa=false prc=false prm=false coversNow=true coversPrev=true bg=none
04:25:11 DEBUG silvery:content:cell RENDER silvery-box@14 rect=41,4 39x14 prev=41,4 39x14 flags=[] hasPrev=false ancClr=false caa=false prc=false prm=false coversNow=true coversPrev=true bg=$bg-selected
04:25:11 DEBUG silvery:content:cell RENDER silvery-box@15 rect=42,5 37x13 prev=42,5 37x13 flags=[] hasPrev=false ancClr=false caa=false prc=false prm=false coversNow=true coversPrev=true bg=none
04:25:11 DEBUG silvery:content:cell RENDER silvery-box@16 rect=42,7 37x11 prev=42,7 37x11 flags=[] hasPrev=false ancClr=false caa=false prc=false prm=false coversNow=true coversPrev=true bg=none
04:25:11 DEBUG silvery:content:cell RENDER silvery-box@17 rect=42,13 37x5 prev=42,13 37x5 flags=[] hasPrev=false ancClr=false caa=false prc=false prm=false coversNow=true coversPrev=true bg=none
04:25:11 DEBUG silvery:content:cell RENDER silvery-box@18 rect=42,14 37x4 prev=42,14 37x4 flags=[] hasPrev=false ancClr=false caa=false prc=false prm=false coversNow=true coversPrev=true bg=none
04:25:11 DEBUG silvery:content:cell RENDER silvery-box@19 rect=42,17 37x1 prev=42,17 37x1 flags=[] hasPrev=false ancClr=false caa=false prc=false prm=false coversNow=true coversPrev=true bg=none
04:25:11 DEBUG silvery:content:cell RENDER silvery-box@3 rect=0,0 82x75 prev=0,0 82x75 flags=[C,S,Ch] hasPrev=false ancClr=false caa=true prc=false prm=false coversNow=true coversPrev=true bg=none
04:25:11 DEBUG silvery:content:cell RENDER silvery-root@0 rect=0,0 82x75 prev=0,0 82x75 flags=[] hasPrev=false ancClr=false caa=false prc=false prm=false coversNow=true coversPrev=true bg=none
04:25:11 DEBUG silvery:content:cell RENDER silvery-box@1 rect=0,0 82x75 prev=0,0 82x75 flags=[] hasPrev=false ancClr=false caa=false prc=false prm=false coversNow=true coversPrev=true bg=none
04:25:11 DEBUG silvery:content:cell RENDER main@2 rect=0,0 82x75 prev=0,0 82x75 flags=[] hasPrev=false ancClr=false caa=false prc=false prm=false coversNow=true coversPrev=true bg=none
04:25:11 DEBUG silvery:content:cell RENDER .@3 rect=0,0 82x74 prev=0,0 82x74 flags=[] hasPrev=false ancClr=false caa=false prc=false prm=false coversNow=true coversPrev=true bg=none
04:25:11 DEBUG silvery:content:cell RENDER silvery-box@4 rect=0,2 82x72 prev=0,2 82x72 flags=[] hasPrev=false ancClr=false caa=false prc=false prm=false coversNow=true coversPrev=true bg=none
04:25:11 DEBUG silvery:content:cell RENDER silvery-box@5 rect=0,2 82x72 prev=0,2 82x72 flags=[] hasPrev=false ancClr=false caa=false prc=false prm=false coversNow=true coversPrev=true bg=none
04:25:11 DEBUG silvery:content:cell RENDER silvery-box@6 rect=0,2 82x72 prev=0,2 82x72 flags=[] hasPrev=false ancClr=false caa=false prc=false prm=false coversNow=true coversPrev=true bg=none
04:25:11 DEBUG silvery:content:cell RENDER silvery-box@7 rect=1,2 80x72 prev=1,2 80x72 flags=[] hasPrev=false ancClr=false caa=false prc=false prm=false coversNow=true coversPrev=true bg=none
04:25:11 DEBUG silvery:content:cell RENDER silvery-box@8 rect=41,2 40x72 prev=41,2 40x72 flags=[] hasPrev=false ancClr=false caa=false prc=false prm=false coversNow=true coversPrev=true bg=none
04:25:11 DEBUG silvery:content:cell RENDER @inbox@9 rect=41,2 40x72 prev=41,2 40x72 flags=[] hasPrev=false ancClr=false caa=false prc=false prm=false coversNow=true coversPrev=true bg=none
04:25:11 DEBUG silvery:content:cell RENDER silvery-box@10 rect=41,4 39x70 prev=41,4 39x70 flags=[] hasPrev=false ancClr=false caa=false prc=false prm=false coversNow=true coversPrev=true bg=none
04:25:11 DEBUG silvery:content:cell RENDER silvery-box@11 rect=41,4 39x70 prev=41,4 39x70 flags=[] hasPrev=false ancClr=false caa=false prc=false prm=false coversNow=true coversPrev=true bg=none
04:25:11 DEBUG silvery:content:cell RENDER silvery-box@12 rect=41,4 39x15 prev=41,4 39x15 flags=[] hasPrev=false ancClr=false caa=false prc=false prm=false coversNow=true coversPrev=true bg=none
04:25:11 DEBUG silvery:content:cell RENDER silvery-box@13 rect=41,4 39x15 prev=41,4 39x15 flags=[] hasPrev=false ancClr=false caa=false prc=false prm=false coversNow=true coversPrev=true bg=none
04:25:11 DEBUG silvery:content:cell RENDER silvery-box@14 rect=41,4 39x14 prev=41,4 39x14 flags=[] hasPrev=false ancClr=false caa=false prc=false prm=false coversNow=true coversPrev=true bg=$bg-selected
04:25:11 DEBUG silvery:content:cell RENDER silvery-box@15 rect=42,5 37x13 prev=42,5 37x13 flags=[] hasPrev=false ancClr=false caa=false prc=false prm=false coversNow=true coversPrev=true bg=none
04:25:11 DEBUG silvery:content:cell RENDER silvery-box@16 rect=42,7 37x11 prev=42,7 37x11 flags=[] hasPrev=false ancClr=false caa=false prc=false prm=false coversNow=true coversPrev=true bg=none
04:25:11 DEBUG silvery:content:cell RENDER silvery-box@17 rect=42,13 37x5 prev=42,13 37x5 flags=[] hasPrev=false ancClr=false caa=false prc=false prm=false coversNow=true coversPrev=true bg=none
04:25:11 DEBUG silvery:content:cell RENDER silvery-box@18 rect=42,14 37x4 prev=42,14 37x4 flags=[] hasPrev=false ancClr=false caa=false prc=false prm=false coversNow=true coversPrev=true bg=none
04:25:11 DEBUG silvery:content:cell RENDER silvery-box@19 rect=42,17 37x1 prev=42,17 37x1 flags=[] hasPrev=false ancClr=false caa=false prc=false prm=false coversNow=true coversPrev=true bg=none
04:25:11 DEBUG silvery:content:cell RENDER silvery-box@3 rect=0,0 82x75 prev=0,0 82x75 flags=[] hasPrev=false ancClr=false caa=false prc=false prm=false coversNow=true coversPrev=true bg=none
04:25:20 DEBUG silvery:content:cell RENDER silvery-root@0 rect=0,0 82x75 prev=0,0 82x75 flags=[S] hasPrev=true ancClr=false caa=false prc=false prm=false coversNow=true coversPrev=true bg=none
04:25:20 DEBUG silvery:content:cell RENDER silvery-box@1 rect=0,0 82x75 prev=0,0 82x75 flags=[S] hasPrev=true ancClr=false caa=false prc=false prm=true coversNow=true coversPrev=true bg=none
04:25:20 DEBUG silvery:content:cell RENDER main@2 rect=0,0 82x75 prev=0,0 82x75 flags=[S] hasPrev=false ancClr=false caa=false prc=false prm=false coversNow=true coversPrev=true bg=none
04:25:20 DEBUG silvery:content:cell RENDER .@3 rect=0,0 82x74 prev=0,0 82x74 flags=[] hasPrev=false ancClr=false caa=false prc=false prm=false coversNow=true coversPrev=true bg=none
04:25:20 DEBUG silvery:content:cell RENDER silvery-box@4 rect=0,2 82x72 prev=0,2 82x72 flags=[] hasPrev=false ancClr=false caa=false prc=false prm=false coversNow=true coversPrev=true bg=none
04:25:20 DEBUG silvery:content:cell RENDER silvery-box@5 rect=0,2 82x72 prev=0,2 82x72 flags=[] hasPrev=false ancClr=false caa=false prc=false prm=false coversNow=true coversPrev=true bg=none
04:25:20 DEBUG silvery:content:cell RENDER silvery-box@6 rect=0,2 82x72 prev=0,2 82x72 flags=[] hasPrev=false ancClr=false caa=false prc=false prm=false coversNow=true coversPrev=true bg=none
04:25:20 DEBUG silvery:content:cell RENDER silvery-box@7 rect=1,2 80x72 prev=1,2 80x72 flags=[] hasPrev=false ancClr=false caa=false prc=false prm=false coversNow=true coversPrev=true bg=none
04:25:20 DEBUG silvery:content:cell RENDER silvery-box@8 rect=41,2 40x72 prev=41,2 40x72 flags=[] hasPrev=false ancClr=false caa=false prc=false prm=false coversNow=true coversPrev=true bg=none
04:25:20 DEBUG silvery:content:cell RENDER @inbox@9 rect=41,2 40x72 prev=41,2 40x72 flags=[] hasPrev=false ancClr=false caa=false prc=false prm=false coversNow=true coversPrev=true bg=none
04:25:20 DEBUG silvery:content:cell RENDER silvery-box@10 rect=41,4 39x70 prev=41,4 39x70 flags=[] hasPrev=false ancClr=false caa=false prc=false prm=false coversNow=true coversPrev=true bg=none
04:25:20 DEBUG silvery:content:cell RENDER silvery-box@11 rect=41,4 39x70 prev=41,4 39x70 flags=[] hasPrev=false ancClr=false caa=false prc=false prm=false coversNow=true coversPrev=true bg=none
04:25:20 DEBUG silvery:content:cell RENDER silvery-box@12 rect=41,4 39x15 prev=41,4 39x15 flags=[] hasPrev=false ancClr=false caa=false prc=false prm=false coversNow=true coversPrev=true bg=none
04:25:20 DEBUG silvery:content:cell RENDER silvery-box@13 rect=41,4 39x15 prev=41,4 39x15 flags=[] hasPrev=false ancClr=false caa=false prc=false prm=false coversNow=true coversPrev=true bg=none
04:25:20 DEBUG silvery:content:cell RENDER silvery-box@14 rect=41,4 39x14 prev=41,4 39x14 flags=[] hasPrev=false ancClr=false caa=false prc=false prm=false coversNow=true coversPrev=true bg=$bg-selected
04:25:20 DEBUG silvery:content:cell RENDER silvery-box@15 rect=42,5 37x13 prev=42,5 37x13 flags=[] hasPrev=false ancClr=false caa=false prc=false prm=false coversNow=true coversPrev=true bg=none
04:25:20 DEBUG silvery:content:cell RENDER silvery-box@16 rect=42,7 37x11 prev=42,7 37x11 flags=[] hasPrev=false ancClr=false caa=false prc=false prm=false coversNow=true coversPrev=true bg=none
04:25:20 DEBUG silvery:content:cell RENDER silvery-box@17 rect=42,13 37x5 prev=42,13 37x5 flags=[] hasPrev=false ancClr=false caa=false prc=false prm=false coversNow=true coversPrev=true bg=none
04:25:20 DEBUG silvery:content:cell RENDER silvery-box@18 rect=42,14 37x4 prev=42,14 37x4 flags=[] hasPrev=false ancClr=false caa=false prc=false prm=false coversNow=true coversPrev=true bg=none
04:25:20 DEBUG silvery:content:cell RENDER silvery-box@19 rect=42,17 37x1 prev=42,17 37x1 flags=[] hasPrev=false ancClr=false caa=false prc=false prm=false coversNow=true coversPrev=true bg=none
04:25:20 DEBUG silvery:content:cell RENDER silvery-box@3 rect=0,0 82x75 prev=0,0 82x75 flags=[S] hasPrev=false ancClr=false caa=false prc=false prm=false coversNow=true coversPrev=true bg=none
04:25:20 DEBUG silvery:content:cell RENDER silvery-root@0 rect=0,0 82x75 prev=0,0 82x75 flags=[] hasPrev=false ancClr=false caa=false prc=false prm=false coversNow=true coversPrev=true bg=none
04:25:20 DEBUG silvery:content:cell RENDER silvery-box@1 rect=0,0 82x75 prev=0,0 82x75 flags=[] hasPrev=false ancClr=false caa=false prc=false prm=false coversNow=true coversPrev=true bg=none
04:25:20 DEBUG silvery:content:cell RENDER main@2 rect=0,0 82x75 prev=0,0 82x75 flags=[] hasPrev=false ancClr=false caa=false prc=false prm=false coversNow=true coversPrev=true bg=none
04:25:20 DEBUG silvery:content:cell RENDER .@3 rect=0,0 82x74 prev=0,0 82x74 flags=[] hasPrev=false ancClr=false caa=false prc=false prm=false coversNow=true coversPrev=true bg=none
04:25:20 DEBUG silvery:content:cell RENDER silvery-box@4 rect=0,2 82x72 prev=0,2 82x72 flags=[] hasPrev=false ancClr=false caa=false prc=false prm=false coversNow=true coversPrev=true bg=none
04:25:20 DEBUG silvery:content:cell RENDER silvery-box@5 rect=0,2 82x72 prev=0,2 82x72 flags=[] hasPrev=false ancClr=false caa=false prc=false prm=false coversNow=true coversPrev=true bg=none
04:25:20 DEBUG silvery:content:cell RENDER silvery-box@6 rect=0,2 82x72 prev=0,2 82x72 flags=[] hasPrev=false ancClr=false caa=false prc=false prm=false coversNow=true coversPrev=true bg=none
04:25:20 DEBUG silvery:content:cell RENDER silvery-box@7 rect=1,2 80x72 prev=1,2 80x72 flags=[] hasPrev=false ancClr=false caa=false prc=false prm=false coversNow=true coversPrev=true bg=none
04:25:20 DEBUG silvery:content:cell RENDER silvery-box@8 rect=41,2 40x72 prev=41,2 40x72 flags=[] hasPrev=false ancClr=false caa=false prc=false prm=false coversNow=true coversPrev=true bg=none
04:25:20 DEBUG silvery:content:cell RENDER @inbox@9 rect=41,2 40x72 prev=41,2 40x72 flags=[] hasPrev=false ancClr=false caa=false prc=false prm=false coversNow=true coversPrev=true bg=none
04:25:20 DEBUG silvery:content:cell RENDER silvery-box@10 rect=41,4 39x70 prev=41,4 39x70 flags=[] hasPrev=false ancClr=false caa=false prc=false prm=false coversNow=true coversPrev=true bg=none
04:25:20 DEBUG silvery:content:cell RENDER silvery-box@11 rect=41,4 39x70 prev=41,4 39x70 flags=[] hasPrev=false ancClr=false caa=false prc=false prm=false coversNow=true coversPrev=true bg=none
04:25:20 DEBUG silvery:content:cell RENDER silvery-box@12 rect=41,4 39x15 prev=41,4 39x15 flags=[] hasPrev=false ancClr=false caa=false prc=false prm=false coversNow=true coversPrev=true bg=none
04:25:20 DEBUG silvery:content:cell RENDER silvery-box@13 rect=41,4 39x15 prev=41,4 39x15 flags=[] hasPrev=false ancClr=false caa=false prc=false prm=false coversNow=true coversPrev=true bg=none
04:25:20 DEBUG silvery:content:cell RENDER silvery-box@14 rect=41,4 39x14 prev=41,4 39x14 flags=[] hasPrev=false ancClr=false caa=false prc=false prm=false coversNow=true coversPrev=true bg=$bg-selected
04:25:20 DEBUG silvery:content:cell RENDER silvery-box@15 rect=42,5 37x13 prev=42,5 37x13 flags=[] hasPrev=false ancClr=false caa=false prc=false prm=false coversNow=true coversPrev=true bg=none
04:25:20 DEBUG silvery:content:cell RENDER silvery-box@16 rect=42,7 37x11 prev=42,7 37x11 flags=[] hasPrev=false ancClr=false caa=false prc=false prm=false coversNow=true coversPrev=true bg=none
04:25:20 DEBUG silvery:content:cell RENDER silvery-box@17 rect=42,13 37x5 prev=42,13 37x5 flags=[] hasPrev=false ancClr=false caa=false prc=false prm=false coversNow=true coversPrev=true bg=none
04:25:20 DEBUG silvery:content:cell RENDER silvery-box@18 rect=42,14 37x4 prev=42,14 37x4 flags=[] hasPrev=false ancClr=false caa=false prc=false prm=false coversNow=true coversPrev=true bg=none
04:25:20 DEBUG silvery:content:cell RENDER silvery-box@19 rect=42,17 37x1 prev=42,17 37x1 flags=[] hasPrev=false ancClr=false caa=false prc=false prm=false coversNow=true coversPrev=true bg=none
04:25:20 DEBUG silvery:content:cell RENDER silvery-box@3 rect=0,0 82x75 prev=0,0 82x75 flags=[] hasPrev=false ancClr=false caa=false prc=false prm=false coversNow=true coversPrev=true bg=none
04:25:20 DEBUG silvery:content:cell RENDER silvery-root@0 rect=0,0 82x75 prev=0,0 82x75 flags=[S] hasPrev=true ancClr=false caa=false prc=false prm=false coversNow=true coversPrev=true bg=none
04:25:20 DEBUG silvery:content:cell RENDER silvery-box@1 rect=0,0 82x75 prev=0,0 82x75 flags=[S] hasPrev=true ancClr=false caa=false prc=false prm=true coversNow=true coversPrev=true bg=none
04:25:20 DEBUG silvery:content:cell RENDER main@2 rect=0,0 82x75 prev=0,0 82x75 flags=[S] hasPrev=false ancClr=false caa=false prc=false prm=false coversNow=true coversPrev=true bg=none
04:25:20 DEBUG silvery:content:cell RENDER .@3 rect=0,0 82x74 prev=0,0 82x74 flags=[] hasPrev=false ancClr=false caa=false prc=false prm=false coversNow=true coversPrev=true bg=none
04:25:20 DEBUG silvery:content:cell RENDER silvery-box@4 rect=0,2 82x72 prev=0,2 82x72 flags=[] hasPrev=false ancClr=false caa=false prc=false prm=false coversNow=true coversPrev=true bg=none
04:25:20 DEBUG silvery:content:cell RENDER silvery-box@5 rect=0,2 82x72 prev=0,2 82x72 flags=[] hasPrev=false ancClr=false caa=false prc=false prm=false coversNow=true coversPrev=true bg=none
04:25:20 DEBUG silvery:content:cell RENDER silvery-box@6 rect=0,2 82x72 prev=0,2 82x72 flags=[] hasPrev=false ancClr=false caa=false prc=false prm=false coversNow=true coversPrev=true bg=none
04:25:20 DEBUG silvery:content:cell RENDER silvery-box@7 rect=1,2 80x72 prev=1,2 80x72 flags=[] hasPrev=false ancClr=false caa=false prc=false prm=false coversNow=true coversPrev=true bg=none
04:25:20 DEBUG silvery:content:cell RENDER silvery-box@8 rect=41,2 40x72 prev=41,2 40x72 flags=[] hasPrev=false ancClr=false caa=false prc=false prm=false coversNow=true coversPrev=true bg=none
04:25:20 DEBUG silvery:content:cell RENDER @inbox@9 rect=41,2 40x72 prev=41,2 40x72 flags=[] hasPrev=false ancClr=false caa=false prc=false prm=false coversNow=true coversPrev=true bg=none
04:25:20 DEBUG silvery:content:cell RENDER silvery-box@10 rect=41,4 39x70 prev=41,4 39x70 flags=[] hasPrev=false ancClr=false caa=false prc=false prm=false coversNow=true coversPrev=true bg=none
04:25:20 DEBUG silvery:content:cell RENDER silvery-box@11 rect=41,4 39x70 prev=41,4 39x70 flags=[] hasPrev=false ancClr=false caa=false prc=false prm=false coversNow=true coversPrev=true bg=none
04:25:20 DEBUG silvery:content:cell RENDER silvery-box@12 rect=41,4 39x15 prev=41,4 39x15 flags=[] hasPrev=false ancClr=false caa=false prc=false prm=false coversNow=true coversPrev=true bg=none
04:25:20 DEBUG silvery:content:cell RENDER silvery-box@13 rect=41,4 39x15 prev=41,4 39x15 flags=[] hasPrev=false ancClr=false caa=false prc=false prm=false coversNow=true coversPrev=true bg=none
04:25:20 DEBUG silvery:content:cell RENDER silvery-box@14 rect=41,4 39x14 prev=41,4 39x14 flags=[] hasPrev=false ancClr=false caa=false prc=false prm=false coversNow=true coversPrev=true bg=$bg-selected
04:25:20 DEBUG silvery:content:cell RENDER silvery-box@15 rect=42,5 37x13 prev=42,5 37x13 flags=[] hasPrev=false ancClr=false caa=false prc=false prm=false coversNow=true coversPrev=true bg=none
04:25:20 DEBUG silvery:content:cell RENDER silvery-box@16 rect=42,7 37x11 prev=42,7 37x11 flags=[] hasPrev=false ancClr=false caa=false prc=false prm=false coversNow=true coversPrev=true bg=none
04:25:20 DEBUG silvery:content:cell RENDER silvery-box@17 rect=42,13 37x5 prev=42,13 37x5 flags=[] hasPrev=false ancClr=false caa=false prc=false prm=false coversNow=true coversPrev=true bg=none
04:25:20 DEBUG silvery:content:cell RENDER silvery-box@18 rect=42,14 37x4 prev=42,14 37x4 flags=[] hasPrev=false ancClr=false caa=false prc=false prm=false coversNow=true coversPrev=true bg=none
04:25:20 DEBUG silvery:content:cell RENDER silvery-box@19 rect=42,17 37x1 prev=42,17 37x1 flags=[] hasPrev=false ancClr=false caa=false prc=false prm=false coversNow=true coversPrev=true bg=none
04:25:20 DEBUG silvery:content:cell RENDER silvery-box@3 rect=0,0 82x75 prev=0,0 82x75 flags=[S] hasPrev=false ancClr=false caa=false prc=false prm=false coversNow=true coversPrev=true bg=none
04:25:20 DEBUG silvery:content:cell RENDER silvery-root@0 rect=0,0 82x75 prev=0,0 82x75 flags=[] hasPrev=false ancClr=false caa=false prc=false prm=false coversNow=true coversPrev=true bg=none
04:25:20 DEBUG silvery:content:cell RENDER silvery-box@1 rect=0,0 82x75 prev=0,0 82x75 flags=[] hasPrev=false ancClr=false caa=false prc=false prm=false coversNow=true coversPrev=true bg=none
04:25:20 DEBUG silvery:content:cell RENDER main@2 rect=0,0 82x75 prev=0,0 82x75 flags=[] hasPrev=false ancClr=false caa=false prc=false prm=false coversNow=true coversPrev=true bg=none
04:25:20 DEBUG silvery:content:cell RENDER .@3 rect=0,0 82x74 prev=0,0 82x74 flags=[] hasPrev=false ancClr=false caa=false prc=false prm=false coversNow=true coversPrev=true bg=none
04:25:20 DEBUG silvery:content:cell RENDER silvery-box@4 rect=0,2 82x72 prev=0,2 82x72 flags=[] hasPrev=false ancClr=false caa=false prc=false prm=false coversNow=true coversPrev=true bg=none
04:25:20 DEBUG silvery:content:cell RENDER silvery-box@5 rect=0,2 82x72 prev=0,2 82x72 flags=[] hasPrev=false ancClr=false caa=false prc=false prm=false coversNow=true coversPrev=true bg=none
04:25:20 DEBUG silvery:content:cell RENDER silvery-box@6 rect=0,2 82x72 prev=0,2 82x72 flags=[] hasPrev=false ancClr=false caa=false prc=false prm=false coversNow=true coversPrev=true bg=none
04:25:20 DEBUG silvery:content:cell RENDER silvery-box@7 rect=1,2 80x72 prev=1,2 80x72 flags=[] hasPrev=false ancClr=false caa=false prc=false prm=false coversNow=true coversPrev=true bg=none
04:25:20 DEBUG silvery:content:cell RENDER silvery-box@8 rect=41,2 40x72 prev=41,2 40x72 flags=[] hasPrev=false ancClr=false caa=false prc=false prm=false coversNow=true coversPrev=true bg=none
04:25:20 DEBUG silvery:content:cell RENDER @inbox@9 rect=41,2 40x72 prev=41,2 40x72 flags=[] hasPrev=false ancClr=false caa=false prc=false prm=false coversNow=true coversPrev=true bg=none
04:25:20 DEBUG silvery:content:cell RENDER silvery-box@10 rect=41,4 39x70 prev=41,4 39x70 flags=[] hasPrev=false ancClr=false caa=false prc=false prm=false coversNow=true coversPrev=true bg=none
04:25:20 DEBUG silvery:content:cell RENDER silvery-box@11 rect=41,4 39x70 prev=41,4 39x70 flags=[] hasPrev=false ancClr=false caa=false prc=false prm=false coversNow=true coversPrev=true bg=none
04:25:20 DEBUG silvery:content:cell RENDER silvery-box@12 rect=41,4 39x15 prev=41,4 39x15 flags=[] hasPrev=false ancClr=false caa=false prc=false prm=false coversNow=true coversPrev=true bg=none
04:25:20 DEBUG silvery:content:cell RENDER silvery-box@13 rect=41,4 39x15 prev=41,4 39x15 flags=[] hasPrev=false ancClr=false caa=false prc=false prm=false coversNow=true coversPrev=true bg=none
04:25:20 DEBUG silvery:content:cell RENDER silvery-box@14 rect=41,4 39x14 prev=41,4 39x14 flags=[] hasPrev=false ancClr=false caa=false prc=false prm=false coversNow=true coversPrev=true bg=$bg-selected
04:25:20 DEBUG silvery:content:cell RENDER silvery-box@15 rect=42,5 37x13 prev=42,5 37x13 flags=[] hasPrev=false ancClr=false caa=false prc=false prm=false coversNow=true coversPrev=true bg=none
04:25:20 DEBUG silvery:content:cell RENDER silvery-box@16 rect=42,7 37x11 prev=42,7 37x11 flags=[] hasPrev=false ancClr=false caa=false prc=false prm=false coversNow=true coversPrev=true bg=none
04:25:20 DEBUG silvery:content:cell RENDER silvery-box@17 rect=42,13 37x5 prev=42,13 37x5 flags=[] hasPrev=false ancClr=false caa=false prc=false prm=false coversNow=true coversPrev=true bg=none
04:25:20 DEBUG silvery:content:cell RENDER silvery-box@18 rect=42,14 37x4 prev=42,14 37x4 flags=[] hasPrev=false ancClr=false caa=false prc=false prm=false coversNow=true coversPrev=true bg=none
04:25:20 DEBUG silvery:content:cell RENDER silvery-box@19 rect=42,17 37x1 prev=42,17 37x1 flags=[] hasPrev=false ancClr=false caa=false prc=false prm=false coversNow=true coversPrev=true bg=none
04:25:20 DEBUG silvery:content:cell RENDER silvery-box@3 rect=0,0 82x75 prev=0,0 82x75 flags=[] hasPrev=false ancClr=false caa=false prc=false prm=false coversNow=true coversPrev=true bg=none
